[    6546ms] [VERBOSE] [DOM] Password field is not contained in a form: (More info: https://goo.gl/9p2vKq) %o @ https://accounts.google.com/v3/signin/identifier?continue=https%3A%2F%2Fdocs.google.com%2Fdocument%2Fu%2F0%2Fcreate%3Fusp%3Ddot_new&dsh=S-48286828%3A1779179662368262&followup=https%3A%2F%2Fdocs.google.com%2Fdocument%2Fu%2F0%2Fcreate%3Fusp%3Ddot_new&ltmpl=docs&osid=1&passive=1209600&service=wise&flowName=GlifWebSignIn&flowEntry=ServiceLogin&ifkv=AWa2PauGfQF0HnzxWgED9m0D8GL17lzs3Kn1G7S0bOwOjwolEB7gX-1fVjGzSbqKKe7_vfuUWLIuSA:0
[    6559ms] [LOG] %c%s color: red; background: yellow; font-size: 24px; WARNING! @ https://www.gstatic.com/_/mss/boq-identity/_/js/k=boq-identity.AccountsSignInUi.en_US.alsf3k9Xrdw.es5.O/am=iW8AAACE4hchA4D9_38DAAggiA74ngVoAoQMAAAAAAAAAIBYAgAAjQ/d=1/excm=_b,_tp,identifierview/ed=1/dg=0/wt=2/ujg=1/rs=AOaEmlGv8SBuU0bFENSaBc5NFQ-_MhbAPg/dti=1/m=_b,_tp:545
[    6559ms] [LOG] %c%s font-size: 18px; Using this console may allow attackers to impersonate you and steal your information using an attack called Self-XSS.
Do not enter or paste code that you do not understand. @ https://www.gstatic.com/_/mss/boq-identity/_/js/k=boq-identity.AccountsSignInUi.en_US.alsf3k9Xrdw.es5.O/am=iW8AAACE4hchA4D9_38DAAggiA74ngVoAoQMAAAAAAAAAIBYAgAAjQ/d=1/excm=_b,_tp,identifierview/ed=1/dg=0/wt=2/ujg=1/rs=AOaEmlGv8SBuU0bFENSaBc5NFQ-_MhbAPg/dti=1/m=_b,_tp:545
[   28258ms] [VERBOSE] [DOM] Password field is not contained in a form: (More info: https://goo.gl/9p2vKq) %o @ https://accounts.google.com/v3/signin/challenge/pwd?TL=APouJz7_ux4e8vEDq8GJnqgZT1nJU_7Dk3RbIOHc6FHimOT0MLgdmnu6MhT8-iaZ&checkConnection=youtube%3A762&checkedDomains=youtube&cid=2&continue=https%3A%2F%2Fdocs.google.com%2Fdocument%2Fu%2F0%2Fcreate%3Fusp%3Ddot_new&dsh=S-48286828%3A1779179662368262&flowEntry=ServiceLogin&flowName=GlifWebSignIn&followup=https%3A%2F%2Fdocs.google.com%2Fdocument%2Fu%2F0%2Fcreate%3Fusp%3Ddot_new&ifkv=AWa2PauGfQF0HnzxWgED9m0D8GL17lzs3Kn1G7S0bOwOjwolEB7gX-1fVjGzSbqKKe7_vfuUWLIuSA&ltmpl=docs&osid=1&pstMsg=1&service=wise:0
[  133816ms] [ERROR] Failed to load resource: net::ERR_FAILED @ chrome-extension://invalid/:0
[  143408ms] [ERROR] Failed to load resource: net::ERR_FAILED @ chrome-extension://invalid/:0
[  143893ms] [ERROR] Failed to load resource: net::ERR_FAILED @ chrome-extension://invalid/:0
[  143980ms] [ERROR] Failed to load resource: net::ERR_FAILED @ chrome-extension://invalid/:0
[  144150ms] [ERROR] Failed to load resource: net::ERR_FAILED @ chrome-extension://invalid/:0
[  161547ms] [WARNING] An iframe which has both allow-scripts and allow-same-origin for its sandbox attribute can escape its sandboxing. @ https://docs.google.com/drivesharing/clientmodel?id=1zw2joE_Q0smklG0ZUcMCFJHFNxHwuIVzoEa2SMigzHY&foreignService=kix&authuser=0&origin=https%3A%2F%2Fdocs.google.com:0
[ 5732744ms] [ERROR] Failed to load resource: the server responded with a status of 400 () @ https://docs.google.com/document/u/0/d/1zw2joE_Q0smklG0ZUcMCFJHFNxHwuIVzoEa2SMigzHY/bind?id=1zw2joE_Q0smklG0ZUcMCFJHFNxHwuIVzoEa2SMigzHY&sid=3c55a405ea363d0f&token=AOqKD6DrC_O56UjWAA0a_M-PZ8GM%3A1779179789920&ouid=109302934794700532879&includes_info_params=true&usp=dot_new&cros_files=false&nded=false&VER=8&tab=t.67o65vntb37o&lsq=1779179791537&u=14422891856950540895&vc=1&c=1&w=1&flr=0&gsi=0&smv=2147483647&smb=%5B2147483647%2C%20oAMQ%5D&cimpl=1&RID=rpc&SID=98ED26F954D10579&CI=0&AID=1892&TYPE=xmlhttp&zx=kb7hkgdae7i7&t=1:0
[ 6167050ms] [ERROR] Failed to load resource: net::ERR_NETWORK_IO_SUSPENDED @ https://docs.google.com/document/u/0/d/1zw2joE_Q0smklG0ZUcMCFJHFNxHwuIVzoEa2SMigzHY/bind?id=1zw2joE_Q0smklG0ZUcMCFJHFNxHwuIVzoEa2SMigzHY&sid=3c55a405ea363d0f&token=AOqKD6DrC_O56UjWAA0a_M-PZ8GM%3A1779179789920&ouid=109302934794700532879&includes_info_params=true&usp=dot_new&cros_files=false&nded=false&tab=t.67o65vntb37o&VER=8&lsq=1779185389000&u=14422891856950540895&vc=1&c=1&w=1&flr=0&gsi=0&smv=2147483647&smb=%5B2147483647%2C%20oAMQ%5D&cimpl=1&RID=rpc&SID=11B7E1D23A66253D&CI=0&AID=18&TYPE=xmlhttp&zx=u99b2jyj7lfv&t=1:0
[ 6236757ms] [ERROR] Failed to load resource: net::ERR_NETWORK_CHANGED @ https://docs.google.com/document/u/0/d/1zw2joE_Q0smklG0ZUcMCFJHFNxHwuIVzoEa2SMigzHY/bind?id=1zw2joE_Q0smklG0ZUcMCFJHFNxHwuIVzoEa2SMigzHY&sid=3c55a405ea363d0f&token=AOqKD6DrC_O56UjWAA0a_M-PZ8GM%3A1779179789920&ouid=109302934794700532879&includes_info_params=true&usp=dot_new&cros_files=false&nded=false&tab=t.67o65vntb37o&VER=8&lsq=1779185389003&u=14422891856950540895&vc=1&c=1&w=1&flr=0&gsi=0&smv=2147483647&smb=%5B2147483647%2C%20oAMQ%5D&cimpl=1&RID=rpc&SID=11B7E1D23A66253D&CI=0&AID=19&TYPE=xmlhttp&zx=v86t6oqmw7u6&t=2:0
[ 6236794ms] [ERROR] Failed to load resource: net::ERR_NAME_NOT_RESOLVED @ https://ssl.gstatic.com/docs/common/netcheck.gif?zx=ey76yu5er6l:0
[ 6236914ms] [ERROR] Failed to load resource: net::ERR_NAME_NOT_RESOLVED @ https://docs.google.com/document/u/0/d/1zw2joE_Q0smklG0ZUcMCFJHFNxHwuIVzoEa2SMigzHY/bind?id=1zw2joE_Q0smklG0ZUcMCFJHFNxHwuIVzoEa2SMigzHY&sid=3c55a405ea363d0f&token=AOqKD6DrC_O56UjWAA0a_M-PZ8GM%3A1779179789920&ouid=109302934794700532879&includes_info_params=true&usp=dot_new&cros_files=false&nded=false&tab=t.67o65vntb37o&VER=8&lsq=1779185389003&u=14422891856950540895&vc=1&c=1&w=1&flr=0&gsi=0&smv=2147483647&smb=%5B2147483647%2C%20oAMQ%5D&cimpl=1&RID=rpc&SID=11B7E1D23A66253D&CI=0&AID=20&TYPE=xmlhttp&zx=itc7vv9wdid5&t=3:0
[ 6236959ms] [ERROR] Failed to load resource: net::ERR_NAME_NOT_RESOLVED @ https://ssl.gstatic.com/docs/common/netcheck.gif?zx=of2lq2c96ltc:0
[ 6245641ms] [ERROR] Failed to load resource: net::ERR_INTERNET_DISCONNECTED @ https://docs.google.com/document/u/0/d/1zw2joE_Q0smklG0ZUcMCFJHFNxHwuIVzoEa2SMigzHY/bind?id=1zw2joE_Q0smklG0ZUcMCFJHFNxHwuIVzoEa2SMigzHY&sid=3c55a405ea363d0f&token=AOqKD6DrC_O56UjWAA0a_M-PZ8GM%3A1779179789920&ouid=109302934794700532879&includes_info_params=true&usp=dot_new&cros_files=false&nded=false&tab=t.67o65vntb37o&VER=8&lsq=1779185389003&u=14422891856950540895&vc=1&c=1&w=1&flr=0&gsi=0&smv=2147483647&smb=%5B2147483647%2C%20oAMQ%5D&cimpl=1&RID=rpc&SID=11B7E1D23A66253D&CI=0&AID=20&TYPE=xmlhttp&zx=yknodqls9hpd&t=4:0
[ 6251769ms] [ERROR] Failed to load resource: net::ERR_NETWORK_CHANGED @ https://ssl.gstatic.com/docs/common/netcheck.gif?zx=2kp243a2lekb:0
[ 7438775ms] [ERROR] Failed to load resource: net::ERR_NETWORK_CHANGED @ https://docs.google.com/document/u/0/d/1zw2joE_Q0smklG0ZUcMCFJHFNxHwuIVzoEa2SMigzHY/bind?id=1zw2joE_Q0smklG0ZUcMCFJHFNxHwuIVzoEa2SMigzHY&sid=3c55a405ea363d0f&token=AOqKD6DrC_O56UjWAA0a_M-PZ8GM%3A1779179789920&ouid=109302934794700532879&includes_info_params=true&usp=dot_new&cros_files=false&nded=false&tab=t.67o65vntb37o&VER=8&lsq=1779185389003&u=14422891856950540895&vc=1&c=1&w=1&flr=0&gsi=0&smv=2147483647&smb=%5B2147483647%2C%20oAMQ%5D&cimpl=1&RID=rpc&SID=11B7E1D23A66253D&CI=0&AID=20&TYPE=xmlhttp&zx=1di39ntl3a53&t=5:0
[ 7438996ms] [ERROR] Failed to load resource: net::ERR_NAME_NOT_RESOLVED @ https://docs.google.com/document/u/0/d/1zw2joE_Q0smklG0ZUcMCFJHFNxHwuIVzoEa2SMigzHY/bind?id=1zw2joE_Q0smklG0ZUcMCFJHFNxHwuIVzoEa2SMigzHY&sid=3c55a405ea363d0f&token=AOqKD6DrC_O56UjWAA0a_M-PZ8GM%3A1779179789920&ouid=109302934794700532879&includes_info_params=true&usp=dot_new&cros_files=false&nded=false&tab=t.67o65vntb37o&VER=8&lsq=1779185389003&u=14422891856950540895&vc=1&c=1&w=1&flr=0&gsi=0&smv=2147483647&smb=%5B2147483647%2C%20oAMQ%5D&cimpl=1&RID=rpc&SID=11B7E1D23A66253D&CI=0&AID=24&TYPE=xmlhttp&zx=khwizrduphvj&t=6:0
[ 7439018ms] [ERROR] Failed to load resource: net::ERR_NAME_NOT_RESOLVED @ https://ssl.gstatic.com/docs/common/netcheck.gif?zx=eg897wel6lr1:0
[ 7439292ms] [ERROR] Failed to load resource: net::ERR_INTERNET_DISCONNECTED @ https://ssl.gstatic.com/docs/common/netcheck.gif?zx=zeji9loabrft:0
[ 7439314ms] [ERROR] Failed to load resource: net::ERR_INTERNET_DISCONNECTED @ https://ssl.gstatic.com/docs/common/netcheck.gif?zx=kwoe7ehopvw3:0
[ 7449313ms] [ERROR] Failed to load resource: net::ERR_INTERNET_DISCONNECTED @ https://ssl.gstatic.com/docs/common/netcheck.gif?zx=ifwy3yqirmxs:0
[ 7452203ms] [ERROR] Failed to load resource: the server responded with a status of 400 () @ https://docs.google.com/document/u/0/d/1zw2joE_Q0smklG0ZUcMCFJHFNxHwuIVzoEa2SMigzHY/bind?id=1zw2joE_Q0smklG0ZUcMCFJHFNxHwuIVzoEa2SMigzHY&sid=3c55a405ea363d0f&token=AOqKD6DrC_O56UjWAA0a_M-PZ8GM%3A1779179789920&ouid=109302934794700532879&includes_info_params=true&usp=dot_new&cros_files=false&nded=false&tab=t.67o65vntb37o&VER=8&lsq=1779185389003&u=14422891856950540895&vc=1&c=1&w=1&flr=0&gsi=0&smv=2147483647&smb=%5B2147483647%2C%20oAMQ%5D&cimpl=1&RID=rpc&SID=11B7E1D23A66253D&CI=0&AID=24&TYPE=xmlhttp&zx=1ms2twrc0md4&t=7:0
[11758040ms] [ERROR] Failed to load resource: net::ERR_FAILED @ chrome-extension://invalid/:0
[11759505ms] [ERROR] Failed to load resource: net::ERR_FAILED @ chrome-extension://invalid/:0
[11759910ms] [ERROR] Failed to load resource: net::ERR_FAILED @ chrome-extension://invalid/:0
[11760702ms] [ERROR] Failed to load resource: net::ERR_FAILED @ chrome-extension://invalid/:0
[11760754ms] [ERROR] Failed to load resource: net::ERR_FAILED @ chrome-extension://invalid/:0
[14439986ms] [ERROR] Failed to load resource: net::ERR_NETWORK_IO_SUSPENDED @ https://signaler-pa.clients6.google.com/punctual/multi-watch/channel?VER=8&gsessionid=KA2v5tOhaGrfOjL9GCJjIguJTbPAXAuUsZSvpThyeSg&key=AIzaSyAWGrfCCr7albM3lmCc937gx4uIphbpeKQ&RID=rpc&SID=jKGd5zv2YjcaN_P6CnoBTQ&AID=14&CI=0&TYPE=xmlhttp&zx=8b6exwg8fhep&t=1:0
[14444678ms] [ERROR] Failed to load resource: net::ERR_NETWORK_CHANGED @ https://signaler-pa.clients6.google.com/punctual/multi-watch/channel?VER=8&gsessionid=KA2v5tOhaGrfOjL9GCJjIguJTbPAXAuUsZSvpThyeSg&key=AIzaSyAWGrfCCr7albM3lmCc937gx4uIphbpeKQ&RID=rpc&SID=jKGd5zv2YjcaN_P6CnoBTQ&AID=21&CI=0&TYPE=xmlhttp&zx=foq7mq48j11h&t=2:0
[14444777ms] [ERROR] Failed to load resource: net::ERR_INTERNET_DISCONNECTED @ https://ssl.gstatic.com/docs/common/netcheck.gif?zx=yn8vsd7k0wzt:0
[14444806ms] [ERROR] Failed to load resource: net::ERR_INTERNET_DISCONNECTED @ https://ssl.gstatic.com/docs/common/cleardot.gif?zx=by8axu19v1fv:0
[14444866ms] [ERROR] Failed to load resource: net::ERR_INTERNET_DISCONNECTED @ https://ssl.gstatic.com/docs/common/cleardot.gif?zx=fgahu4e6op5:0
[14444867ms] [ERROR] Failed to load resource: net::ERR_INTERNET_DISCONNECTED @ https://signaler-pa.clients6.google.com/punctual/multi-watch/channel?VER=8&gsessionid=KA2v5tOhaGrfOjL9GCJjIguJTbPAXAuUsZSvpThyeSg&key=AIzaSyAWGrfCCr7albM3lmCc937gx4uIphbpeKQ&RID=rpc&SID=jKGd5zv2YjcaN_P6CnoBTQ&AID=22&CI=0&TYPE=xmlhttp&zx=mv99ntxs9y5d&t=3:0
[16027959ms] [ERROR] Failed to load resource: net::ERR_NETWORK_CHANGED @ https://signaler-pa.clients6.google.com/punctual/multi-watch/channel?VER=8&gsessionid=KA2v5tOhaGrfOjL9GCJjIguJTbPAXAuUsZSvpThyeSg&key=AIzaSyAWGrfCCr7albM3lmCc937gx4uIphbpeKQ&RID=rpc&SID=jKGd5zv2YjcaN_P6CnoBTQ&AID=22&CI=0&TYPE=xmlhttp&zx=id6g5k99vir8&t=4:0
[16028091ms] [ERROR] Failed to load resource: net::ERR_INTERNET_DISCONNECTED @ https://signaler-pa.clients6.google.com/punctual/multi-watch/channel?VER=8&gsessionid=KA2v5tOhaGrfOjL9GCJjIguJTbPAXAuUsZSvpThyeSg&key=AIzaSyAWGrfCCr7albM3lmCc937gx4uIphbpeKQ&RID=rpc&SID=jKGd5zv2YjcaN_P6CnoBTQ&AID=24&CI=0&TYPE=xmlhttp&zx=bbrs56c270xt&t=5:0
[16028179ms] [ERROR] Failed to load resource: net::ERR_INTERNET_DISCONNECTED @ https://ssl.gstatic.com/docs/common/netcheck.gif?zx=8tv5qld0utx6:0
[16028183ms] [ERROR] Failed to load resource: net::ERR_NAME_NOT_RESOLVED @ https://ssl.gstatic.com/docs/common/cleardot.gif?zx=v95eirdwtubo:0
[16028456ms] [ERROR] Failed to load resource: net::ERR_INTERNET_DISCONNECTED @ https://ssl.gstatic.com/docs/common/cleardot.gif?zx=hu51cyf6me3:0
[16028566ms] [ERROR] Failed to load resource: net::ERR_INTERNET_DISCONNECTED @ https://waa-pa.clients6.google.com/$rpc/google.internal.waa.v1.Waa/Ping:0
[16028567ms] [ERROR] Failed to load resource: net::ERR_INTERNET_DISCONNECTED @ https://play.google.com/log?format=json&hasfast=true&authuser=0:0
[16028583ms] [ERROR] Failed to load resource: net::ERR_INTERNET_DISCONNECTED @ https://play.google.com/log?hasfast=true&auth=SAPISIDHASH+8dd0cb8c417345a8b05226fc351008f68bc4fd04+SAPISID1PHASH+8dd0cb8c417345a8b05226fc351008f68bc4fd04+SAPISID3PHASH+8dd0cb8c417345a8b05226fc351008f68bc4fd04&authuser=0&format=json:0
[16029573ms] [ERROR] Failed to load resource: net::ERR_INTERNET_DISCONNECTED @ https://waa-pa.googleapis.com/$rpc/google.internal.waa.v1.Waa/Ping:0
[16033239ms] [ERROR] Failed to load resource: net::ERR_INTERNET_DISCONNECTED @ https://signaler-pa.clients6.google.com/punctual/multi-watch/channel?VER=8&gsessionid=KA2v5tOhaGrfOjL9GCJjIguJTbPAXAuUsZSvpThyeSg&key=AIzaSyAWGrfCCr7albM3lmCc937gx4uIphbpeKQ&RID=rpc&SID=jKGd5zv2YjcaN_P6CnoBTQ&AID=24&CI=0&TYPE=xmlhttp&zx=qbb3dqur0l0z&t=6:0
[16063786ms] [ERROR] Failed to load resource: the server responded with a status of 400 () @ https://signaler-pa.clients6.google.com/punctual/multi-watch/channel?VER=8&gsessionid=KA2v5tOhaGrfOjL9GCJjIguJTbPAXAuUsZSvpThyeSg&key=AIzaSyAWGrfCCr7albM3lmCc937gx4uIphbpeKQ&RID=rpc&SID=jKGd5zv2YjcaN_P6CnoBTQ&AID=24&CI=0&TYPE=xmlhttp&zx=obmvg1vk2ukc&t=7:0
[21315791ms] [ERROR] Failed to load resource: net::ERR_NETWORK_CHANGED @ https://ssl.gstatic.com/docs/common/netcheck.gif?zx=to9nev4vaks1:0
[21315793ms] [ERROR] Failed to load resource: net::ERR_NETWORK_CHANGED @ https://ssl.gstatic.com/docs/common/cleardot.gif?zx=9bees24zzujj:0
[21315803ms] [ERROR] Failed to load resource: net::ERR_NETWORK_CHANGED @ https://play.google.com/log?format=json&hasfast=true&authuser=0:0
[21315805ms] [ERROR] Failed to load resource: net::ERR_NETWORK_CHANGED @ https://signaler-pa.clients6.google.com/punctual/multi-watch/channel?VER=8&gsessionid=Q4eNlizjiQgHE7Up3l9CnhDMLqXnlKB4xGiuj0Y7exk&key=AIzaSyAWGrfCCr7albM3lmCc937gx4uIphbpeKQ&RID=rpc&SID=1_J-9kD3eQMac_hW5thRIQ&AID=0&CI=0&TYPE=xmlhttp&zx=u496mdj3p1ls&t=1:0
[21315866ms] [ERROR] Failed to load resource: net::ERR_NAME_NOT_RESOLVED @ https://ssl.gstatic.com/docs/common/cleardot.gif?zx=wf7basc50npr:0
[21316381ms] [ERROR] Failed to load resource: net::ERR_INTERNET_DISCONNECTED @ https://signaler-pa.clients6.google.com/punctual/multi-watch/channel?VER=8&gsessionid=Q4eNlizjiQgHE7Up3l9CnhDMLqXnlKB4xGiuj0Y7exk&key=AIzaSyAWGrfCCr7albM3lmCc937gx4uIphbpeKQ&RID=rpc&SID=1_J-9kD3eQMac_hW5thRIQ&AID=4&CI=0&TYPE=xmlhttp&zx=1831l45wv0lk&t=2:0
[21325798ms] [ERROR] Failed to load resource: net::ERR_INTERNET_DISCONNECTED @ https://ssl.gstatic.com/docs/common/netcheck.gif?zx=60h1ybizxjvi:0
[21325870ms] [ERROR] Failed to load resource: net::ERR_INTERNET_DISCONNECTED @ https://ssl.gstatic.com/docs/common/cleardot.gif?zx=4f2nk15hmyfc:0
[21330865ms] [ERROR] Failed to load resource: net::ERR_INTERNET_DISCONNECTED @ https://signaler-pa.clients6.google.com/punctual/multi-watch/channel?VER=8&gsessionid=Q4eNlizjiQgHE7Up3l9CnhDMLqXnlKB4xGiuj0Y7exk&key=AIzaSyAWGrfCCr7albM3lmCc937gx4uIphbpeKQ&RID=rpc&SID=1_J-9kD3eQMac_hW5thRIQ&AID=4&CI=0&TYPE=xmlhttp&zx=fockm2p3ck1v&t=3:0
[21335802ms] [ERROR] Failed to load resource: net::ERR_INTERNET_DISCONNECTED @ https://ssl.gstatic.com/docs/common/netcheck.gif?zx=fwcw1ortyf9l:0
[21335876ms] [ERROR] Failed to load resource: net::ERR_INTERNET_DISCONNECTED @ https://ssl.gstatic.com/docs/common/cleardot.gif?zx=scufbhe3n94j:0
[21345805ms] [ERROR] Failed to load resource: net::ERR_INTERNET_DISCONNECTED @ https://ssl.gstatic.com/docs/common/netcheck.gif?zx=r76vffpwmt1v:0
[21345881ms] [ERROR] Failed to load resource: net::ERR_INTERNET_DISCONNECTED @ https://ssl.gstatic.com/docs/common/cleardot.gif?zx=ablhiw907ha:0
[21347555ms] [ERROR] Failed to load resource: net::ERR_INTERNET_DISCONNECTED @ https://play.google.com/log?format=json&hasfast=true&authuser=0:0
[21348558ms] [ERROR] Failed to load resource: net::ERR_INTERNET_DISCONNECTED @ https://play.google.com/log?format=json&hasfast=true&authuser=0:0
[21348620ms] [ERROR] Failed to load resource: net::ERR_INTERNET_DISCONNECTED @ https://signaler-pa.clients6.google.com/punctual/multi-watch/channel?VER=8&gsessionid=Q4eNlizjiQgHE7Up3l9CnhDMLqXnlKB4xGiuj0Y7exk&key=AIzaSyAWGrfCCr7albM3lmCc937gx4uIphbpeKQ&RID=rpc&SID=1_J-9kD3eQMac_hW5thRIQ&AID=4&CI=0&TYPE=xmlhttp&zx=pw4t0s3j90jr&t=4:0
[21348624ms] [ERROR] Failed to load resource: net::ERR_INTERNET_DISCONNECTED @ https://signaler-pa.clients6.google.com/punctual/v1/chooseServer?key=AIzaSyAWGrfCCr7albM3lmCc937gx4uIphbpeKQ:0
[21348624ms] [ERROR] Failed to load resource: net::ERR_INTERNET_DISCONNECTED @ https://www.google.com/images/cleardot.gif?zx=gxcntfv7hwag:0
[21349071ms] [ERROR] Failed to load resource: net::ERR_INTERNET_DISCONNECTED @ https://signaler-pa.clients6.google.com/punctual/v1/chooseServer?key=AIzaSyAWGrfCCr7albM3lmCc937gx4uIphbpeKQ:0
[21349386ms] [ERROR] Failed to load resource: net::ERR_INTERNET_DISCONNECTED @ https://ogs.google.com/u/0/_/OneGoogleWidgetUi/data/batchexecute?rpcids=Inlv4&source-path=%2Fu%2F0%2Fwidget%2Faccount&f.sid=1783057443025570146&bl=boq_onegooglehttpserver_20260517.03_p0&hl=en&soc-app=642&soc-platform=1&soc-device=1&_reqid=471417&rt=c:0
[21349393ms] [ERROR] Failed to load resource: net::ERR_INTERNET_DISCONNECTED @ https://ogs.google.com/u/0/_/OneGoogleWidgetUi/data/batchexecute?rpcids=Inlv4&source-path=%2Fu%2F0%2Fwidget%2Faccount&f.sid=1783057443025570146&bl=boq_onegooglehttpserver_20260517.03_p0&hl=en&soc-app=642&soc-platform=1&soc-device=1&_reqid=571417&rt=c:0
[21349422ms] [ERROR] Failed to load resource: net::ERR_INTERNET_DISCONNECTED @ https://ogs.google.com/u/0/_/OneGoogleWidgetUi/data/batchexecute?rpcids=Inlv4&source-path=%2Fu%2F0%2Fwidget%2Faccount&f.sid=1783057443025570146&bl=boq_onegooglehttpserver_20260517.03_p0&hl=en&soc-app=642&soc-platform=1&soc-device=1&_reqid=671417&rt=c:0
[21349615ms] [ERROR] Failed to load resource: net::ERR_INTERNET_DISCONNECTED @ https://ogs.google.com/u/0/_/OneGoogleWidgetUi/data/batchexecute?rpcids=Inlv4&source-path=%2Fu%2F0%2Fwidget%2Faccount&f.sid=1783057443025570146&bl=boq_onegooglehttpserver_20260517.03_p0&hl=en&soc-app=642&soc-platform=1&soc-device=1&_reqid=771417&rt=c:0
[21349900ms] [ERROR] Failed to load resource: net::ERR_INTERNET_DISCONNECTED @ https://signaler-pa.clients6.google.com/punctual/v1/chooseServer?key=AIzaSyAWGrfCCr7albM3lmCc937gx4uIphbpeKQ:0
[21350703ms] [ERROR] Failed to load resource: net::ERR_INTERNET_DISCONNECTED @ https://play.google.com/log?format=json&hasfast=true&authuser=0:0
[21351664ms] [ERROR] Failed to load resource: net::ERR_INTERNET_DISCONNECTED @ https://signaler-pa.clients6.google.com/punctual/v1/chooseServer?key=AIzaSyAWGrfCCr7albM3lmCc937gx4uIphbpeKQ:0
[21352894ms] [ERROR] Failed to load resource: net::ERR_INTERNET_DISCONNECTED @ https://play.google.com/log?hasfast=true&auth=SAPISIDHASH+8dd0cb8c417345a8b05226fc351008f68bc4fd04+SAPISID1PHASH+8dd0cb8c417345a8b05226fc351008f68bc4fd04+SAPISID3PHASH+8dd0cb8c417345a8b05226fc351008f68bc4fd04&authuser=0&format=json:0
[21352897ms] [ERROR] Failed to load resource: net::ERR_INTERNET_DISCONNECTED @ https://play.google.com/log?hasfast=true&auth=SAPISIDHASH+8dd0cb8c417345a8b05226fc351008f68bc4fd04+SAPISID1PHASH+8dd0cb8c417345a8b05226fc351008f68bc4fd04+SAPISID3PHASH+8dd0cb8c417345a8b05226fc351008f68bc4fd04&authuser=0&format=json:0
[21352898ms] [ERROR] Failed to load resource: net::ERR_INTERNET_DISCONNECTED @ https://play.google.com/log?format=json&hasfast=true&authuser=0:0
