[     839ms] [INFO] %cDownload the React DevTools for a better development experience: https://react.dev/link/react-devtools font-weight:bold @ http://localhost:8081/node_modules/expo-router/entry.bundle?platform=web&dev=true&hot=false&lazy=true&transform.engine=hermes&transform.routerRoot=src%2Fapp&unstable_transformProfile=hermes-stable:18543
[     949ms] [LOG] Running application "main" with appParams:
 {rootTag: #root, hydrate: undefined} 
Development-level warnings: ON.
Performance optimizations: OFF. @ http://localhost:8081/node_modules/expo-router/entry.bundle?platform=web&dev=true&hot=false&lazy=true&transform.engine=hermes&transform.routerRoot=src%2Fapp&unstable_transformProfile=hermes-stable:4262
[    4978ms] [VERBOSE] [DOM] Password field is not contained in a form: (More info: https://goo.gl/9p2vKq) %o @ http://localhost:8081/:0
[   22121ms] [WARNING] Animated: `useNativeDriver` is not supported because the native animated module is missing. Falling back to JS-based animation. To resolve this, add `RCTAnimation` module to this app, or remove `useNativeDriver`. Make sure to run `bundle exec pod install` first. Read more about autolinking: https://github.com/react-native-community/cli/blob/master/docs/autolinking.md @ http://localhost:8081/node_modules/expo-router/entry.bundle?platform=web&dev=true&hot=false&lazy=true&transform.engine=hermes&transform.routerRoot=src%2Fapp&unstable_transformProfile=hermes-stable:163454
[   24684ms] [WARNING] [expo-notifications] Listening to push token changes is not yet fully supported on web. Adding a listener will have no effect. @ :26718
[  291107ms] [ERROR] Access to fetch at 'https://tamera-prepyloric-superacutely.ngrok-free.dev/v1/catalog/categories' from origin 'http://localhost:8081' has been blocked by CORS policy: No 'Access-Control-Allow-Origin' header is present on the requested resource. @ http://localhost:8081/:0
[  291109ms] [ERROR] Failed to load resource: net::ERR_FAILED @ https://tamera-prepyloric-superacutely.ngrok-free.dev/v1/catalog/categories:0
[  316272ms] [WARNING] Disconnected from Metro (1006)
To reconnect:
- Ensure that Metro is running and available on the same network
- Reload this app (will trigger further help if Metro cannot be connected to) @ http://localhost:8081/node_modules/expo-router/entry.bundle?platform=web&dev=true&hot=false&lazy=true&transform.engine=hermes&transform.routerRoot=src%2Fapp&unstable_transformProfile=hermes-stable:1716
[  321070ms] [ERROR] Access to fetch at 'https://tamera-prepyloric-superacutely.ngrok-free.dev/v1/notifications' from origin 'http://localhost:8081' has been blocked by CORS policy: No 'Access-Control-Allow-Origin' header is present on the requested resource. @ http://localhost:8081/:0
[  321070ms] [ERROR] Failed to load resource: net::ERR_FAILED @ https://tamera-prepyloric-superacutely.ngrok-free.dev/v1/notifications:0
[  321070ms] [ERROR] Access to fetch at 'https://tamera-prepyloric-superacutely.ngrok-free.dev/v1/bookings?scope=provider' from origin 'http://localhost:8081' has been blocked by CORS policy: No 'Access-Control-Allow-Origin' header is present on the requested resource. @ http://localhost:8081/:0
[  321071ms] [ERROR] Failed to load resource: net::ERR_FAILED @ https://tamera-prepyloric-superacutely.ngrok-free.dev/v1/bookings?scope=provider:0
[  351009ms] [ERROR] Access to fetch at 'https://tamera-prepyloric-superacutely.ngrok-free.dev/v1/notifications' from origin 'http://localhost:8081' has been blocked by CORS policy: No 'Access-Control-Allow-Origin' header is present on the requested resource. @ http://localhost:8081/:0
[  351010ms] [ERROR] Failed to load resource: net::ERR_FAILED @ https://tamera-prepyloric-superacutely.ngrok-free.dev/v1/notifications:0
[  351010ms] [ERROR] Access to fetch at 'https://tamera-prepyloric-superacutely.ngrok-free.dev/v1/bookings?scope=provider' from origin 'http://localhost:8081' has been blocked by CORS policy: No 'Access-Control-Allow-Origin' header is present on the requested resource. @ http://localhost:8081/:0
[  351010ms] [ERROR] Failed to load resource: net::ERR_FAILED @ https://tamera-prepyloric-superacutely.ngrok-free.dev/v1/bookings?scope=provider:0
[  381018ms] [ERROR] Access to fetch at 'https://tamera-prepyloric-superacutely.ngrok-free.dev/v1/notifications' from origin 'http://localhost:8081' has been blocked by CORS policy: No 'Access-Control-Allow-Origin' header is present on the requested resource. @ http://localhost:8081/:0
[  381018ms] [ERROR] Failed to load resource: net::ERR_FAILED @ https://tamera-prepyloric-superacutely.ngrok-free.dev/v1/notifications:0
[  381122ms] [ERROR] Access to fetch at 'https://tamera-prepyloric-superacutely.ngrok-free.dev/v1/bookings?scope=provider' from origin 'http://localhost:8081' has been blocked by CORS policy: No 'Access-Control-Allow-Origin' header is present on the requested resource. @ http://localhost:8081/:0
[  381122ms] [ERROR] Failed to load resource: net::ERR_FAILED @ https://tamera-prepyloric-superacutely.ngrok-free.dev/v1/bookings?scope=provider:0
[  411011ms] [ERROR] Access to fetch at 'https://tamera-prepyloric-superacutely.ngrok-free.dev/v1/notifications' from origin 'http://localhost:8081' has been blocked by CORS policy: No 'Access-Control-Allow-Origin' header is present on the requested resource. @ http://localhost:8081/:0
[  411011ms] [ERROR] Failed to load resource: net::ERR_FAILED @ https://tamera-prepyloric-superacutely.ngrok-free.dev/v1/notifications:0
[  411118ms] [ERROR] Access to fetch at 'https://tamera-prepyloric-superacutely.ngrok-free.dev/v1/bookings?scope=provider' from origin 'http://localhost:8081' has been blocked by CORS policy: No 'Access-Control-Allow-Origin' header is present on the requested resource. @ http://localhost:8081/:0
[  411118ms] [ERROR] Failed to load resource: net::ERR_FAILED @ https://tamera-prepyloric-superacutely.ngrok-free.dev/v1/bookings?scope=provider:0
[  441010ms] [ERROR] Access to fetch at 'https://tamera-prepyloric-superacutely.ngrok-free.dev/v1/notifications' from origin 'http://localhost:8081' has been blocked by CORS policy: No 'Access-Control-Allow-Origin' header is present on the requested resource. @ http://localhost:8081/:0
[  441011ms] [ERROR] Failed to load resource: net::ERR_FAILED @ https://tamera-prepyloric-superacutely.ngrok-free.dev/v1/notifications:0
[  441011ms] [ERROR] Access to fetch at 'https://tamera-prepyloric-superacutely.ngrok-free.dev/v1/bookings?scope=provider' from origin 'http://localhost:8081' has been blocked by CORS policy: No 'Access-Control-Allow-Origin' header is present on the requested resource. @ http://localhost:8081/:0
[  441011ms] [ERROR] Failed to load resource: net::ERR_FAILED @ https://tamera-prepyloric-superacutely.ngrok-free.dev/v1/bookings?scope=provider:0
[  471023ms] [ERROR] Access to fetch at 'https://tamera-prepyloric-superacutely.ngrok-free.dev/v1/bookings?scope=provider' from origin 'http://localhost:8081' has been blocked by CORS policy: No 'Access-Control-Allow-Origin' header is present on the requested resource. @ http://localhost:8081/:0
[  471023ms] [ERROR] Failed to load resource: net::ERR_FAILED @ https://tamera-prepyloric-superacutely.ngrok-free.dev/v1/bookings?scope=provider:0
[  471025ms] [ERROR] Access to fetch at 'https://tamera-prepyloric-superacutely.ngrok-free.dev/v1/notifications' from origin 'http://localhost:8081' has been blocked by CORS policy: No 'Access-Control-Allow-Origin' header is present on the requested resource. @ http://localhost:8081/:0
[  471026ms] [ERROR] Failed to load resource: net::ERR_FAILED @ https://tamera-prepyloric-superacutely.ngrok-free.dev/v1/notifications:0
[  501007ms] [ERROR] Access to fetch at 'https://tamera-prepyloric-superacutely.ngrok-free.dev/v1/bookings?scope=provider' from origin 'http://localhost:8081' has been blocked by CORS policy: No 'Access-Control-Allow-Origin' header is present on the requested resource. @ http://localhost:8081/:0
[  501007ms] [ERROR] Failed to load resource: net::ERR_FAILED @ https://tamera-prepyloric-superacutely.ngrok-free.dev/v1/bookings?scope=provider:0
[  501008ms] [ERROR] Access to fetch at 'https://tamera-prepyloric-superacutely.ngrok-free.dev/v1/notifications' from origin 'http://localhost:8081' has been blocked by CORS policy: No 'Access-Control-Allow-Origin' header is present on the requested resource. @ http://localhost:8081/:0
[  501008ms] [ERROR] Failed to load resource: net::ERR_FAILED @ https://tamera-prepyloric-superacutely.ngrok-free.dev/v1/notifications:0
[  531006ms] [ERROR] Access to fetch at 'https://tamera-prepyloric-superacutely.ngrok-free.dev/v1/notifications' from origin 'http://localhost:8081' has been blocked by CORS policy: No 'Access-Control-Allow-Origin' header is present on the requested resource. @ http://localhost:8081/:0
[  531006ms] [ERROR] Failed to load resource: net::ERR_FAILED @ https://tamera-prepyloric-superacutely.ngrok-free.dev/v1/notifications:0
[  531007ms] [ERROR] Access to fetch at 'https://tamera-prepyloric-superacutely.ngrok-free.dev/v1/bookings?scope=provider' from origin 'http://localhost:8081' has been blocked by CORS policy: No 'Access-Control-Allow-Origin' header is present on the requested resource. @ http://localhost:8081/:0
[  531007ms] [ERROR] Failed to load resource: net::ERR_FAILED @ https://tamera-prepyloric-superacutely.ngrok-free.dev/v1/bookings?scope=provider:0
[  561012ms] [ERROR] Access to fetch at 'https://tamera-prepyloric-superacutely.ngrok-free.dev/v1/notifications' from origin 'http://localhost:8081' has been blocked by CORS policy: No 'Access-Control-Allow-Origin' header is present on the requested resource. @ http://localhost:8081/:0
[  561013ms] [ERROR] Failed to load resource: net::ERR_FAILED @ https://tamera-prepyloric-superacutely.ngrok-free.dev/v1/notifications:0
[  561013ms] [ERROR] Access to fetch at 'https://tamera-prepyloric-superacutely.ngrok-free.dev/v1/bookings?scope=provider' from origin 'http://localhost:8081' has been blocked by CORS policy: No 'Access-Control-Allow-Origin' header is present on the requested resource. @ http://localhost:8081/:0
[  561013ms] [ERROR] Failed to load resource: net::ERR_FAILED @ https://tamera-prepyloric-superacutely.ngrok-free.dev/v1/bookings?scope=provider:0
[  591011ms] [ERROR] Access to fetch at 'https://tamera-prepyloric-superacutely.ngrok-free.dev/v1/notifications' from origin 'http://localhost:8081' has been blocked by CORS policy: No 'Access-Control-Allow-Origin' header is present on the requested resource. @ http://localhost:8081/:0
[  591011ms] [ERROR] Failed to load resource: net::ERR_FAILED @ https://tamera-prepyloric-superacutely.ngrok-free.dev/v1/notifications:0
[  591013ms] [ERROR] Access to fetch at 'https://tamera-prepyloric-superacutely.ngrok-free.dev/v1/bookings?scope=provider' from origin 'http://localhost:8081' has been blocked by CORS policy: No 'Access-Control-Allow-Origin' header is present on the requested resource. @ http://localhost:8081/:0
[  591013ms] [ERROR] Failed to load resource: net::ERR_FAILED @ https://tamera-prepyloric-superacutely.ngrok-free.dev/v1/bookings?scope=provider:0
[  621011ms] [ERROR] Access to fetch at 'https://tamera-prepyloric-superacutely.ngrok-free.dev/v1/notifications' from origin 'http://localhost:8081' has been blocked by CORS policy: No 'Access-Control-Allow-Origin' header is present on the requested resource. @ http://localhost:8081/:0
[  621011ms] [ERROR] Failed to load resource: net::ERR_FAILED @ https://tamera-prepyloric-superacutely.ngrok-free.dev/v1/notifications:0
[  621012ms] [ERROR] Access to fetch at 'https://tamera-prepyloric-superacutely.ngrok-free.dev/v1/bookings?scope=provider' from origin 'http://localhost:8081' has been blocked by CORS policy: No 'Access-Control-Allow-Origin' header is present on the requested resource. @ http://localhost:8081/:0
[  621012ms] [ERROR] Failed to load resource: net::ERR_FAILED @ https://tamera-prepyloric-superacutely.ngrok-free.dev/v1/bookings?scope=provider:0
[  651012ms] [ERROR] Access to fetch at 'https://tamera-prepyloric-superacutely.ngrok-free.dev/v1/bookings?scope=provider' from origin 'http://localhost:8081' has been blocked by CORS policy: No 'Access-Control-Allow-Origin' header is present on the requested resource. @ http://localhost:8081/:0
[  651012ms] [ERROR] Failed to load resource: net::ERR_FAILED @ https://tamera-prepyloric-superacutely.ngrok-free.dev/v1/bookings?scope=provider:0
[  651012ms] [ERROR] Access to fetch at 'https://tamera-prepyloric-superacutely.ngrok-free.dev/v1/notifications' from origin 'http://localhost:8081' has been blocked by CORS policy: No 'Access-Control-Allow-Origin' header is present on the requested resource. @ http://localhost:8081/:0
[  651012ms] [ERROR] Failed to load resource: net::ERR_FAILED @ https://tamera-prepyloric-superacutely.ngrok-free.dev/v1/notifications:0
[  681010ms] [ERROR] Access to fetch at 'https://tamera-prepyloric-superacutely.ngrok-free.dev/v1/bookings?scope=provider' from origin 'http://localhost:8081' has been blocked by CORS policy: No 'Access-Control-Allow-Origin' header is present on the requested resource. @ http://localhost:8081/:0
[  681010ms] [ERROR] Failed to load resource: net::ERR_FAILED @ https://tamera-prepyloric-superacutely.ngrok-free.dev/v1/bookings?scope=provider:0
[  681010ms] [ERROR] Access to fetch at 'https://tamera-prepyloric-superacutely.ngrok-free.dev/v1/notifications' from origin 'http://localhost:8081' has been blocked by CORS policy: No 'Access-Control-Allow-Origin' header is present on the requested resource. @ http://localhost:8081/:0
[  681010ms] [ERROR] Failed to load resource: net::ERR_FAILED @ https://tamera-prepyloric-superacutely.ngrok-free.dev/v1/notifications:0
[  710999ms] [ERROR] Access to fetch at 'https://tamera-prepyloric-superacutely.ngrok-free.dev/v1/notifications' from origin 'http://localhost:8081' has been blocked by CORS policy: No 'Access-Control-Allow-Origin' header is present on the requested resource. @ http://localhost:8081/:0
[  710999ms] [ERROR] Failed to load resource: net::ERR_FAILED @ https://tamera-prepyloric-superacutely.ngrok-free.dev/v1/notifications:0
[  710999ms] [ERROR] Access to fetch at 'https://tamera-prepyloric-superacutely.ngrok-free.dev/v1/bookings?scope=provider' from origin 'http://localhost:8081' has been blocked by CORS policy: No 'Access-Control-Allow-Origin' header is present on the requested resource. @ http://localhost:8081/:0
[  710999ms] [ERROR] Failed to load resource: net::ERR_FAILED @ https://tamera-prepyloric-superacutely.ngrok-free.dev/v1/bookings?scope=provider:0
[  741017ms] [ERROR] Access to fetch at 'https://tamera-prepyloric-superacutely.ngrok-free.dev/v1/notifications' from origin 'http://localhost:8081' has been blocked by CORS policy: No 'Access-Control-Allow-Origin' header is present on the requested resource. @ http://localhost:8081/:0
[  741019ms] [ERROR] Failed to load resource: net::ERR_FAILED @ https://tamera-prepyloric-superacutely.ngrok-free.dev/v1/notifications:0
[  741019ms] [ERROR] Access to fetch at 'https://tamera-prepyloric-superacutely.ngrok-free.dev/v1/bookings?scope=provider' from origin 'http://localhost:8081' has been blocked by CORS policy: No 'Access-Control-Allow-Origin' header is present on the requested resource. @ http://localhost:8081/:0
[  741019ms] [ERROR] Failed to load resource: net::ERR_FAILED @ https://tamera-prepyloric-superacutely.ngrok-free.dev/v1/bookings?scope=provider:0
[  770998ms] [ERROR] Access to fetch at 'https://tamera-prepyloric-superacutely.ngrok-free.dev/v1/bookings?scope=provider' from origin 'http://localhost:8081' has been blocked by CORS policy: No 'Access-Control-Allow-Origin' header is present on the requested resource. @ http://localhost:8081/:0
[  770998ms] [ERROR] Failed to load resource: net::ERR_FAILED @ https://tamera-prepyloric-superacutely.ngrok-free.dev/v1/bookings?scope=provider:0
[  771000ms] [ERROR] Access to fetch at 'https://tamera-prepyloric-superacutely.ngrok-free.dev/v1/notifications' from origin 'http://localhost:8081' has been blocked by CORS policy: No 'Access-Control-Allow-Origin' header is present on the requested resource. @ http://localhost:8081/:0
[  771000ms] [ERROR] Failed to load resource: net::ERR_FAILED @ https://tamera-prepyloric-superacutely.ngrok-free.dev/v1/notifications:0
[  800984ms] [ERROR] Access to fetch at 'https://tamera-prepyloric-superacutely.ngrok-free.dev/v1/notifications' from origin 'http://localhost:8081' has been blocked by CORS policy: No 'Access-Control-Allow-Origin' header is present on the requested resource. @ http://localhost:8081/:0
[  800985ms] [ERROR] Failed to load resource: net::ERR_FAILED @ https://tamera-prepyloric-superacutely.ngrok-free.dev/v1/notifications:0
[  800985ms] [ERROR] Access to fetch at 'https://tamera-prepyloric-superacutely.ngrok-free.dev/v1/bookings?scope=provider' from origin 'http://localhost:8081' has been blocked by CORS policy: No 'Access-Control-Allow-Origin' header is present on the requested resource. @ http://localhost:8081/:0
[  800985ms] [ERROR] Failed to load resource: net::ERR_FAILED @ https://tamera-prepyloric-superacutely.ngrok-free.dev/v1/bookings?scope=provider:0
[  831005ms] [ERROR] Access to fetch at 'https://tamera-prepyloric-superacutely.ngrok-free.dev/v1/notifications' from origin 'http://localhost:8081' has been blocked by CORS policy: No 'Access-Control-Allow-Origin' header is present on the requested resource. @ http://localhost:8081/:0
[  831006ms] [ERROR] Failed to load resource: net::ERR_FAILED @ https://tamera-prepyloric-superacutely.ngrok-free.dev/v1/notifications:0
[  831006ms] [ERROR] Access to fetch at 'https://tamera-prepyloric-superacutely.ngrok-free.dev/v1/bookings?scope=provider' from origin 'http://localhost:8081' has been blocked by CORS policy: No 'Access-Control-Allow-Origin' header is present on the requested resource. @ http://localhost:8081/:0
[  831006ms] [ERROR] Failed to load resource: net::ERR_FAILED @ https://tamera-prepyloric-superacutely.ngrok-free.dev/v1/bookings?scope=provider:0
[  860990ms] [ERROR] Access to fetch at 'https://tamera-prepyloric-superacutely.ngrok-free.dev/v1/notifications' from origin 'http://localhost:8081' has been blocked by CORS policy: No 'Access-Control-Allow-Origin' header is present on the requested resource. @ http://localhost:8081/:0
[  860990ms] [ERROR] Failed to load resource: net::ERR_FAILED @ https://tamera-prepyloric-superacutely.ngrok-free.dev/v1/notifications:0
[  860991ms] [ERROR] Access to fetch at 'https://tamera-prepyloric-superacutely.ngrok-free.dev/v1/bookings?scope=provider' from origin 'http://localhost:8081' has been blocked by CORS policy: No 'Access-Control-Allow-Origin' header is present on the requested resource. @ http://localhost:8081/:0
[  860993ms] [ERROR] Failed to load resource: net::ERR_FAILED @ https://tamera-prepyloric-superacutely.ngrok-free.dev/v1/bookings?scope=provider:0
[  890995ms] [ERROR] Access to fetch at 'https://tamera-prepyloric-superacutely.ngrok-free.dev/v1/notifications' from origin 'http://localhost:8081' has been blocked by CORS policy: No 'Access-Control-Allow-Origin' header is present on the requested resource. @ http://localhost:8081/:0
[  890995ms] [ERROR] Failed to load resource: net::ERR_FAILED @ https://tamera-prepyloric-superacutely.ngrok-free.dev/v1/notifications:0
[  890996ms] [ERROR] Access to fetch at 'https://tamera-prepyloric-superacutely.ngrok-free.dev/v1/bookings?scope=provider' from origin 'http://localhost:8081' has been blocked by CORS policy: No 'Access-Control-Allow-Origin' header is present on the requested resource. @ http://localhost:8081/:0
[  890996ms] [ERROR] Failed to load resource: net::ERR_FAILED @ https://tamera-prepyloric-superacutely.ngrok-free.dev/v1/bookings?scope=provider:0
[  920998ms] [ERROR] Access to fetch at 'https://tamera-prepyloric-superacutely.ngrok-free.dev/v1/notifications' from origin 'http://localhost:8081' has been blocked by CORS policy: No 'Access-Control-Allow-Origin' header is present on the requested resource. @ http://localhost:8081/:0
[  920998ms] [ERROR] Failed to load resource: net::ERR_FAILED @ https://tamera-prepyloric-superacutely.ngrok-free.dev/v1/notifications:0
[  920998ms] [ERROR] Access to fetch at 'https://tamera-prepyloric-superacutely.ngrok-free.dev/v1/bookings?scope=provider' from origin 'http://localhost:8081' has been blocked by CORS policy: No 'Access-Control-Allow-Origin' header is present on the requested resource. @ http://localhost:8081/:0
[  920998ms] [ERROR] Failed to load resource: net::ERR_FAILED @ https://tamera-prepyloric-superacutely.ngrok-free.dev/v1/bookings?scope=provider:0
[  951076ms] [ERROR] Access to fetch at 'https://tamera-prepyloric-superacutely.ngrok-free.dev/v1/bookings?scope=provider' from origin 'http://localhost:8081' has been blocked by CORS policy: No 'Access-Control-Allow-Origin' header is present on the requested resource. @ http://localhost:8081/:0
[  951076ms] [ERROR] Failed to load resource: net::ERR_FAILED @ https://tamera-prepyloric-superacutely.ngrok-free.dev/v1/bookings?scope=provider:0
[  951190ms] [ERROR] Access to fetch at 'https://tamera-prepyloric-superacutely.ngrok-free.dev/v1/notifications' from origin 'http://localhost:8081' has been blocked by CORS policy: No 'Access-Control-Allow-Origin' header is present on the requested resource. @ http://localhost:8081/:0
[  951190ms] [ERROR] Failed to load resource: net::ERR_FAILED @ https://tamera-prepyloric-superacutely.ngrok-free.dev/v1/notifications:0
[  980995ms] [ERROR] Access to fetch at 'https://tamera-prepyloric-superacutely.ngrok-free.dev/v1/bookings?scope=provider' from origin 'http://localhost:8081' has been blocked by CORS policy: No 'Access-Control-Allow-Origin' header is present on the requested resource. @ http://localhost:8081/:0
[  980996ms] [ERROR] Failed to load resource: net::ERR_FAILED @ https://tamera-prepyloric-superacutely.ngrok-free.dev/v1/bookings?scope=provider:0
[  980997ms] [ERROR] Access to fetch at 'https://tamera-prepyloric-superacutely.ngrok-free.dev/v1/notifications' from origin 'http://localhost:8081' has been blocked by CORS policy: No 'Access-Control-Allow-Origin' header is present on the requested resource. @ http://localhost:8081/:0
[  980997ms] [ERROR] Failed to load resource: net::ERR_FAILED @ https://tamera-prepyloric-superacutely.ngrok-free.dev/v1/notifications:0
[ 1010992ms] [ERROR] Access to fetch at 'https://tamera-prepyloric-superacutely.ngrok-free.dev/v1/notifications' from origin 'http://localhost:8081' has been blocked by CORS policy: No 'Access-Control-Allow-Origin' header is present on the requested resource. @ http://localhost:8081/:0
[ 1010992ms] [ERROR] Failed to load resource: net::ERR_FAILED @ https://tamera-prepyloric-superacutely.ngrok-free.dev/v1/notifications:0
[ 1010993ms] [ERROR] Access to fetch at 'https://tamera-prepyloric-superacutely.ngrok-free.dev/v1/bookings?scope=provider' from origin 'http://localhost:8081' has been blocked by CORS policy: No 'Access-Control-Allow-Origin' header is present on the requested resource. @ http://localhost:8081/:0
[ 1010993ms] [ERROR] Failed to load resource: net::ERR_FAILED @ https://tamera-prepyloric-superacutely.ngrok-free.dev/v1/bookings?scope=provider:0
[ 1040986ms] [ERROR] Access to fetch at 'https://tamera-prepyloric-superacutely.ngrok-free.dev/v1/notifications' from origin 'http://localhost:8081' has been blocked by CORS policy: No 'Access-Control-Allow-Origin' header is present on the requested resource. @ http://localhost:8081/:0
[ 1040986ms] [ERROR] Failed to load resource: net::ERR_FAILED @ https://tamera-prepyloric-superacutely.ngrok-free.dev/v1/notifications:0
[ 1040987ms] [ERROR] Access to fetch at 'https://tamera-prepyloric-superacutely.ngrok-free.dev/v1/bookings?scope=provider' from origin 'http://localhost:8081' has been blocked by CORS policy: No 'Access-Control-Allow-Origin' header is present on the requested resource. @ http://localhost:8081/:0
[ 1040987ms] [ERROR] Failed to load resource: net::ERR_FAILED @ https://tamera-prepyloric-superacutely.ngrok-free.dev/v1/bookings?scope=provider:0
[ 1070982ms] [ERROR] Access to fetch at 'https://tamera-prepyloric-superacutely.ngrok-free.dev/v1/bookings?scope=provider' from origin 'http://localhost:8081' has been blocked by CORS policy: No 'Access-Control-Allow-Origin' header is present on the requested resource. @ http://localhost:8081/:0
[ 1070982ms] [ERROR] Failed to load resource: net::ERR_FAILED @ https://tamera-prepyloric-superacutely.ngrok-free.dev/v1/bookings?scope=provider:0
[ 1070982ms] [ERROR] Access to fetch at 'https://tamera-prepyloric-superacutely.ngrok-free.dev/v1/notifications' from origin 'http://localhost:8081' has been blocked by CORS policy: No 'Access-Control-Allow-Origin' header is present on the requested resource. @ http://localhost:8081/:0
[ 1070982ms] [ERROR] Failed to load resource: net::ERR_FAILED @ https://tamera-prepyloric-superacutely.ngrok-free.dev/v1/notifications:0
[ 1101009ms] [ERROR] Access to fetch at 'https://tamera-prepyloric-superacutely.ngrok-free.dev/v1/notifications' from origin 'http://localhost:8081' has been blocked by CORS policy: No 'Access-Control-Allow-Origin' header is present on the requested resource. @ http://localhost:8081/:0
[ 1101009ms] [ERROR] Failed to load resource: net::ERR_FAILED @ https://tamera-prepyloric-superacutely.ngrok-free.dev/v1/notifications:0
[ 1101009ms] [ERROR] Access to fetch at 'https://tamera-prepyloric-superacutely.ngrok-free.dev/v1/bookings?scope=provider' from origin 'http://localhost:8081' has been blocked by CORS policy: No 'Access-Control-Allow-Origin' header is present on the requested resource. @ http://localhost:8081/:0
[ 1101010ms] [ERROR] Failed to load resource: net::ERR_FAILED @ https://tamera-prepyloric-superacutely.ngrok-free.dev/v1/bookings?scope=provider:0
[ 1130979ms] [ERROR] Access to fetch at 'https://tamera-prepyloric-superacutely.ngrok-free.dev/v1/notifications' from origin 'http://localhost:8081' has been blocked by CORS policy: No 'Access-Control-Allow-Origin' header is present on the requested resource. @ http://localhost:8081/:0
[ 1130981ms] [ERROR] Failed to load resource: net::ERR_FAILED @ https://tamera-prepyloric-superacutely.ngrok-free.dev/v1/notifications:0
[ 1130981ms] [ERROR] Access to fetch at 'https://tamera-prepyloric-superacutely.ngrok-free.dev/v1/bookings?scope=provider' from origin 'http://localhost:8081' has been blocked by CORS policy: No 'Access-Control-Allow-Origin' header is present on the requested resource. @ http://localhost:8081/:0
[ 1130981ms] [ERROR] Failed to load resource: net::ERR_FAILED @ https://tamera-prepyloric-superacutely.ngrok-free.dev/v1/bookings?scope=provider:0
[ 1160985ms] [ERROR] Access to fetch at 'https://tamera-prepyloric-superacutely.ngrok-free.dev/v1/notifications' from origin 'http://localhost:8081' has been blocked by CORS policy: No 'Access-Control-Allow-Origin' header is present on the requested resource. @ http://localhost:8081/:0
[ 1160985ms] [ERROR] Failed to load resource: net::ERR_FAILED @ https://tamera-prepyloric-superacutely.ngrok-free.dev/v1/notifications:0
[ 1160986ms] [ERROR] Access to fetch at 'https://tamera-prepyloric-superacutely.ngrok-free.dev/v1/bookings?scope=provider' from origin 'http://localhost:8081' has been blocked by CORS policy: No 'Access-Control-Allow-Origin' header is present on the requested resource. @ http://localhost:8081/:0
[ 1160986ms] [ERROR] Failed to load resource: net::ERR_FAILED @ https://tamera-prepyloric-superacutely.ngrok-free.dev/v1/bookings?scope=provider:0
[ 1190996ms] [ERROR] Access to fetch at 'https://tamera-prepyloric-superacutely.ngrok-free.dev/v1/notifications' from origin 'http://localhost:8081' has been blocked by CORS policy: No 'Access-Control-Allow-Origin' header is present on the requested resource. @ http://localhost:8081/:0
[ 1190996ms] [ERROR] Failed to load resource: net::ERR_FAILED @ https://tamera-prepyloric-superacutely.ngrok-free.dev/v1/notifications:0
[ 1190996ms] [ERROR] Access to fetch at 'https://tamera-prepyloric-superacutely.ngrok-free.dev/v1/bookings?scope=provider' from origin 'http://localhost:8081' has been blocked by CORS policy: No 'Access-Control-Allow-Origin' header is present on the requested resource. @ http://localhost:8081/:0
[ 1190996ms] [ERROR] Failed to load resource: net::ERR_FAILED @ https://tamera-prepyloric-superacutely.ngrok-free.dev/v1/bookings?scope=provider:0
[ 1220980ms] [ERROR] Access to fetch at 'https://tamera-prepyloric-superacutely.ngrok-free.dev/v1/notifications' from origin 'http://localhost:8081' has been blocked by CORS policy: No 'Access-Control-Allow-Origin' header is present on the requested resource. @ http://localhost:8081/:0
[ 1220980ms] [ERROR] Failed to load resource: net::ERR_FAILED @ https://tamera-prepyloric-superacutely.ngrok-free.dev/v1/notifications:0
[ 1220981ms] [ERROR] Access to fetch at 'https://tamera-prepyloric-superacutely.ngrok-free.dev/v1/bookings?scope=provider' from origin 'http://localhost:8081' has been blocked by CORS policy: No 'Access-Control-Allow-Origin' header is present on the requested resource. @ http://localhost:8081/:0
[ 1220981ms] [ERROR] Failed to load resource: net::ERR_FAILED @ https://tamera-prepyloric-superacutely.ngrok-free.dev/v1/bookings?scope=provider:0
[ 1251004ms] [ERROR] Access to fetch at 'https://tamera-prepyloric-superacutely.ngrok-free.dev/v1/bookings?scope=provider' from origin 'http://localhost:8081' has been blocked by CORS policy: No 'Access-Control-Allow-Origin' header is present on the requested resource. @ http://localhost:8081/:0
[ 1251004ms] [ERROR] Failed to load resource: net::ERR_FAILED @ https://tamera-prepyloric-superacutely.ngrok-free.dev/v1/bookings?scope=provider:0
[ 1251004ms] [ERROR] Access to fetch at 'https://tamera-prepyloric-superacutely.ngrok-free.dev/v1/notifications' from origin 'http://localhost:8081' has been blocked by CORS policy: No 'Access-Control-Allow-Origin' header is present on the requested resource. @ http://localhost:8081/:0
[ 1251005ms] [ERROR] Failed to load resource: net::ERR_FAILED @ https://tamera-prepyloric-superacutely.ngrok-free.dev/v1/notifications:0
[ 1281004ms] [ERROR] Access to fetch at 'https://tamera-prepyloric-superacutely.ngrok-free.dev/v1/notifications' from origin 'http://localhost:8081' has been blocked by CORS policy: No 'Access-Control-Allow-Origin' header is present on the requested resource. @ http://localhost:8081/:0
[ 1281005ms] [ERROR] Failed to load resource: net::ERR_FAILED @ https://tamera-prepyloric-superacutely.ngrok-free.dev/v1/notifications:0
[ 1281005ms] [ERROR] Access to fetch at 'https://tamera-prepyloric-superacutely.ngrok-free.dev/v1/bookings?scope=provider' from origin 'http://localhost:8081' has been blocked by CORS policy: No 'Access-Control-Allow-Origin' header is present on the requested resource. @ http://localhost:8081/:0
[ 1281006ms] [ERROR] Failed to load resource: net::ERR_FAILED @ https://tamera-prepyloric-superacutely.ngrok-free.dev/v1/bookings?scope=provider:0
[ 1310984ms] [ERROR] Access to fetch at 'https://tamera-prepyloric-superacutely.ngrok-free.dev/v1/notifications' from origin 'http://localhost:8081' has been blocked by CORS policy: No 'Access-Control-Allow-Origin' header is present on the requested resource. @ http://localhost:8081/:0
[ 1310984ms] [ERROR] Failed to load resource: net::ERR_FAILED @ https://tamera-prepyloric-superacutely.ngrok-free.dev/v1/notifications:0
[ 1310984ms] [ERROR] Access to fetch at 'https://tamera-prepyloric-superacutely.ngrok-free.dev/v1/bookings?scope=provider' from origin 'http://localhost:8081' has been blocked by CORS policy: No 'Access-Control-Allow-Origin' header is present on the requested resource. @ http://localhost:8081/:0
[ 1310986ms] [ERROR] Failed to load resource: net::ERR_FAILED @ https://tamera-prepyloric-superacutely.ngrok-free.dev/v1/bookings?scope=provider:0
[ 1340996ms] [ERROR] Access to fetch at 'https://tamera-prepyloric-superacutely.ngrok-free.dev/v1/notifications' from origin 'http://localhost:8081' has been blocked by CORS policy: No 'Access-Control-Allow-Origin' header is present on the requested resource. @ http://localhost:8081/:0
[ 1340996ms] [ERROR] Failed to load resource: net::ERR_FAILED @ https://tamera-prepyloric-superacutely.ngrok-free.dev/v1/notifications:0
[ 1340998ms] [ERROR] Access to fetch at 'https://tamera-prepyloric-superacutely.ngrok-free.dev/v1/bookings?scope=provider' from origin 'http://localhost:8081' has been blocked by CORS policy: No 'Access-Control-Allow-Origin' header is present on the requested resource. @ http://localhost:8081/:0
[ 1340998ms] [ERROR] Failed to load resource: net::ERR_FAILED @ https://tamera-prepyloric-superacutely.ngrok-free.dev/v1/bookings?scope=provider:0
[ 1371012ms] [ERROR] Access to fetch at 'https://tamera-prepyloric-superacutely.ngrok-free.dev/v1/notifications' from origin 'http://localhost:8081' has been blocked by CORS policy: No 'Access-Control-Allow-Origin' header is present on the requested resource. @ http://localhost:8081/:0
[ 1371012ms] [ERROR] Failed to load resource: net::ERR_FAILED @ https://tamera-prepyloric-superacutely.ngrok-free.dev/v1/notifications:0
[ 1371012ms] [ERROR] Access to fetch at 'https://tamera-prepyloric-superacutely.ngrok-free.dev/v1/bookings?scope=provider' from origin 'http://localhost:8081' has been blocked by CORS policy: No 'Access-Control-Allow-Origin' header is present on the requested resource. @ http://localhost:8081/:0
[ 1371012ms] [ERROR] Failed to load resource: net::ERR_FAILED @ https://tamera-prepyloric-superacutely.ngrok-free.dev/v1/bookings?scope=provider:0
[ 1400984ms] [ERROR] Access to fetch at 'https://tamera-prepyloric-superacutely.ngrok-free.dev/v1/notifications' from origin 'http://localhost:8081' has been blocked by CORS policy: No 'Access-Control-Allow-Origin' header is present on the requested resource. @ http://localhost:8081/:0
[ 1400984ms] [ERROR] Failed to load resource: net::ERR_FAILED @ https://tamera-prepyloric-superacutely.ngrok-free.dev/v1/notifications:0
[ 1400984ms] [ERROR] Access to fetch at 'https://tamera-prepyloric-superacutely.ngrok-free.dev/v1/bookings?scope=provider' from origin 'http://localhost:8081' has been blocked by CORS policy: No 'Access-Control-Allow-Origin' header is present on the requested resource. @ http://localhost:8081/:0
[ 1400985ms] [ERROR] Failed to load resource: net::ERR_FAILED @ https://tamera-prepyloric-superacutely.ngrok-free.dev/v1/bookings?scope=provider:0
[ 1430993ms] [ERROR] Access to fetch at 'https://tamera-prepyloric-superacutely.ngrok-free.dev/v1/notifications' from origin 'http://localhost:8081' has been blocked by CORS policy: No 'Access-Control-Allow-Origin' header is present on the requested resource. @ http://localhost:8081/:0
[ 1430993ms] [ERROR] Failed to load resource: net::ERR_FAILED @ https://tamera-prepyloric-superacutely.ngrok-free.dev/v1/notifications:0
[ 1430993ms] [ERROR] Access to fetch at 'https://tamera-prepyloric-superacutely.ngrok-free.dev/v1/bookings?scope=provider' from origin 'http://localhost:8081' has been blocked by CORS policy: No 'Access-Control-Allow-Origin' header is present on the requested resource. @ http://localhost:8081/:0
[ 1430993ms] [ERROR] Failed to load resource: net::ERR_FAILED @ https://tamera-prepyloric-superacutely.ngrok-free.dev/v1/bookings?scope=provider:0
[ 1460995ms] [ERROR] Access to fetch at 'https://tamera-prepyloric-superacutely.ngrok-free.dev/v1/notifications' from origin 'http://localhost:8081' has been blocked by CORS policy: No 'Access-Control-Allow-Origin' header is present on the requested resource. @ http://localhost:8081/:0
[ 1460995ms] [ERROR] Failed to load resource: net::ERR_FAILED @ https://tamera-prepyloric-superacutely.ngrok-free.dev/v1/notifications:0
[ 1461104ms] [ERROR] Access to fetch at 'https://tamera-prepyloric-superacutely.ngrok-free.dev/v1/bookings?scope=provider' from origin 'http://localhost:8081' has been blocked by CORS policy: No 'Access-Control-Allow-Origin' header is present on the requested resource. @ http://localhost:8081/:0
[ 1461104ms] [ERROR] Failed to load resource: net::ERR_FAILED @ https://tamera-prepyloric-superacutely.ngrok-free.dev/v1/bookings?scope=provider:0
[ 1491032ms] [ERROR] Access to fetch at 'https://tamera-prepyloric-superacutely.ngrok-free.dev/v1/notifications' from origin 'http://localhost:8081' has been blocked by CORS policy: No 'Access-Control-Allow-Origin' header is present on the requested resource. @ http://localhost:8081/:0
[ 1491033ms] [ERROR] Failed to load resource: net::ERR_FAILED @ https://tamera-prepyloric-superacutely.ngrok-free.dev/v1/notifications:0
[ 1491033ms] [ERROR] Access to fetch at 'https://tamera-prepyloric-superacutely.ngrok-free.dev/v1/bookings?scope=provider' from origin 'http://localhost:8081' has been blocked by CORS policy: No 'Access-Control-Allow-Origin' header is present on the requested resource. @ http://localhost:8081/:0
[ 1491033ms] [ERROR] Failed to load resource: net::ERR_FAILED @ https://tamera-prepyloric-superacutely.ngrok-free.dev/v1/bookings?scope=provider:0
[ 1520997ms] [ERROR] Access to fetch at 'https://tamera-prepyloric-superacutely.ngrok-free.dev/v1/notifications' from origin 'http://localhost:8081' has been blocked by CORS policy: No 'Access-Control-Allow-Origin' header is present on the requested resource. @ http://localhost:8081/:0
[ 1520997ms] [ERROR] Failed to load resource: net::ERR_FAILED @ https://tamera-prepyloric-superacutely.ngrok-free.dev/v1/notifications:0
[ 1520997ms] [ERROR] Access to fetch at 'https://tamera-prepyloric-superacutely.ngrok-free.dev/v1/bookings?scope=provider' from origin 'http://localhost:8081' has been blocked by CORS policy: No 'Access-Control-Allow-Origin' header is present on the requested resource. @ http://localhost:8081/:0
[ 1520997ms] [ERROR] Failed to load resource: net::ERR_FAILED @ https://tamera-prepyloric-superacutely.ngrok-free.dev/v1/bookings?scope=provider:0
[ 1551001ms] [ERROR] Access to fetch at 'https://tamera-prepyloric-superacutely.ngrok-free.dev/v1/bookings?scope=provider' from origin 'http://localhost:8081' has been blocked by CORS policy: No 'Access-Control-Allow-Origin' header is present on the requested resource. @ http://localhost:8081/:0
[ 1551001ms] [ERROR] Failed to load resource: net::ERR_FAILED @ https://tamera-prepyloric-superacutely.ngrok-free.dev/v1/bookings?scope=provider:0
[ 1551002ms] [ERROR] Access to fetch at 'https://tamera-prepyloric-superacutely.ngrok-free.dev/v1/notifications' from origin 'http://localhost:8081' has been blocked by CORS policy: No 'Access-Control-Allow-Origin' header is present on the requested resource. @ http://localhost:8081/:0
[ 1551002ms] [ERROR] Failed to load resource: net::ERR_FAILED @ https://tamera-prepyloric-superacutely.ngrok-free.dev/v1/notifications:0
[ 1581070ms] [ERROR] Access to fetch at 'https://tamera-prepyloric-superacutely.ngrok-free.dev/v1/notifications' from origin 'http://localhost:8081' has been blocked by CORS policy: No 'Access-Control-Allow-Origin' header is present on the requested resource. @ http://localhost:8081/:0
[ 1581071ms] [ERROR] Failed to load resource: net::ERR_FAILED @ https://tamera-prepyloric-superacutely.ngrok-free.dev/v1/notifications:0
[ 1581179ms] [ERROR] Access to fetch at 'https://tamera-prepyloric-superacutely.ngrok-free.dev/v1/bookings?scope=provider' from origin 'http://localhost:8081' has been blocked by CORS policy: No 'Access-Control-Allow-Origin' header is present on the requested resource. @ http://localhost:8081/:0
[ 1581180ms] [ERROR] Failed to load resource: net::ERR_FAILED @ https://tamera-prepyloric-superacutely.ngrok-free.dev/v1/bookings?scope=provider:0
[ 1610993ms] [ERROR] Access to fetch at 'https://tamera-prepyloric-superacutely.ngrok-free.dev/v1/notifications' from origin 'http://localhost:8081' has been blocked by CORS policy: No 'Access-Control-Allow-Origin' header is present on the requested resource. @ http://localhost:8081/:0
[ 1610993ms] [ERROR] Failed to load resource: net::ERR_FAILED @ https://tamera-prepyloric-superacutely.ngrok-free.dev/v1/notifications:0
[ 1610993ms] [ERROR] Access to fetch at 'https://tamera-prepyloric-superacutely.ngrok-free.dev/v1/bookings?scope=provider' from origin 'http://localhost:8081' has been blocked by CORS policy: No 'Access-Control-Allow-Origin' header is present on the requested resource. @ http://localhost:8081/:0
[ 1610993ms] [ERROR] Failed to load resource: net::ERR_FAILED @ https://tamera-prepyloric-superacutely.ngrok-free.dev/v1/bookings?scope=provider:0
[ 1641011ms] [ERROR] Access to fetch at 'https://tamera-prepyloric-superacutely.ngrok-free.dev/v1/bookings?scope=provider' from origin 'http://localhost:8081' has been blocked by CORS policy: No 'Access-Control-Allow-Origin' header is present on the requested resource. @ http://localhost:8081/:0
[ 1641011ms] [ERROR] Failed to load resource: net::ERR_FAILED @ https://tamera-prepyloric-superacutely.ngrok-free.dev/v1/bookings?scope=provider:0
[ 1641012ms] [ERROR] Access to fetch at 'https://tamera-prepyloric-superacutely.ngrok-free.dev/v1/notifications' from origin 'http://localhost:8081' has been blocked by CORS policy: No 'Access-Control-Allow-Origin' header is present on the requested resource. @ http://localhost:8081/:0
[ 1641012ms] [ERROR] Failed to load resource: net::ERR_FAILED @ https://tamera-prepyloric-superacutely.ngrok-free.dev/v1/notifications:0
[ 1670989ms] [ERROR] Access to fetch at 'https://tamera-prepyloric-superacutely.ngrok-free.dev/v1/notifications' from origin 'http://localhost:8081' has been blocked by CORS policy: No 'Access-Control-Allow-Origin' header is present on the requested resource. @ http://localhost:8081/:0
[ 1670989ms] [ERROR] Failed to load resource: net::ERR_FAILED @ https://tamera-prepyloric-superacutely.ngrok-free.dev/v1/notifications:0
[ 1670990ms] [ERROR] Access to fetch at 'https://tamera-prepyloric-superacutely.ngrok-free.dev/v1/bookings?scope=provider' from origin 'http://localhost:8081' has been blocked by CORS policy: No 'Access-Control-Allow-Origin' header is present on the requested resource. @ http://localhost:8081/:0
[ 1670990ms] [ERROR] Failed to load resource: net::ERR_FAILED @ https://tamera-prepyloric-superacutely.ngrok-free.dev/v1/bookings?scope=provider:0
[ 1700990ms] [ERROR] Access to fetch at 'https://tamera-prepyloric-superacutely.ngrok-free.dev/v1/bookings?scope=provider' from origin 'http://localhost:8081' has been blocked by CORS policy: No 'Access-Control-Allow-Origin' header is present on the requested resource. @ http://localhost:8081/:0
[ 1700990ms] [ERROR] Failed to load resource: net::ERR_FAILED @ https://tamera-prepyloric-superacutely.ngrok-free.dev/v1/bookings?scope=provider:0
[ 1700990ms] [ERROR] Access to fetch at 'https://tamera-prepyloric-superacutely.ngrok-free.dev/v1/notifications' from origin 'http://localhost:8081' has been blocked by CORS policy: No 'Access-Control-Allow-Origin' header is present on the requested resource. @ http://localhost:8081/:0
[ 1700992ms] [ERROR] Failed to load resource: net::ERR_FAILED @ https://tamera-prepyloric-superacutely.ngrok-free.dev/v1/notifications:0
[ 1730995ms] [ERROR] Access to fetch at 'https://tamera-prepyloric-superacutely.ngrok-free.dev/v1/notifications' from origin 'http://localhost:8081' has been blocked by CORS policy: No 'Access-Control-Allow-Origin' header is present on the requested resource. @ http://localhost:8081/:0
[ 1730996ms] [ERROR] Failed to load resource: net::ERR_FAILED @ https://tamera-prepyloric-superacutely.ngrok-free.dev/v1/notifications:0
[ 1730997ms] [ERROR] Access to fetch at 'https://tamera-prepyloric-superacutely.ngrok-free.dev/v1/bookings?scope=provider' from origin 'http://localhost:8081' has been blocked by CORS policy: No 'Access-Control-Allow-Origin' header is present on the requested resource. @ http://localhost:8081/:0
[ 1730997ms] [ERROR] Failed to load resource: net::ERR_FAILED @ https://tamera-prepyloric-superacutely.ngrok-free.dev/v1/bookings?scope=provider:0
[ 1760992ms] [ERROR] Access to fetch at 'https://tamera-prepyloric-superacutely.ngrok-free.dev/v1/notifications' from origin 'http://localhost:8081' has been blocked by CORS policy: No 'Access-Control-Allow-Origin' header is present on the requested resource. @ http://localhost:8081/:0
[ 1760992ms] [ERROR] Failed to load resource: net::ERR_FAILED @ https://tamera-prepyloric-superacutely.ngrok-free.dev/v1/notifications:0
[ 1760993ms] [ERROR] Access to fetch at 'https://tamera-prepyloric-superacutely.ngrok-free.dev/v1/bookings?scope=provider' from origin 'http://localhost:8081' has been blocked by CORS policy: No 'Access-Control-Allow-Origin' header is present on the requested resource. @ http://localhost:8081/:0
[ 1760993ms] [ERROR] Failed to load resource: net::ERR_FAILED @ https://tamera-prepyloric-superacutely.ngrok-free.dev/v1/bookings?scope=provider:0
[ 1791000ms] [ERROR] Access to fetch at 'https://tamera-prepyloric-superacutely.ngrok-free.dev/v1/notifications' from origin 'http://localhost:8081' has been blocked by CORS policy: No 'Access-Control-Allow-Origin' header is present on the requested resource. @ http://localhost:8081/:0
[ 1791000ms] [ERROR] Failed to load resource: net::ERR_FAILED @ https://tamera-prepyloric-superacutely.ngrok-free.dev/v1/notifications:0
[ 1791000ms] [ERROR] Access to fetch at 'https://tamera-prepyloric-superacutely.ngrok-free.dev/v1/bookings?scope=provider' from origin 'http://localhost:8081' has been blocked by CORS policy: No 'Access-Control-Allow-Origin' header is present on the requested resource. @ http://localhost:8081/:0
[ 1791000ms] [ERROR] Failed to load resource: net::ERR_FAILED @ https://tamera-prepyloric-superacutely.ngrok-free.dev/v1/bookings?scope=provider:0
[ 1821015ms] [ERROR] Access to fetch at 'https://tamera-prepyloric-superacutely.ngrok-free.dev/v1/notifications' from origin 'http://localhost:8081' has been blocked by CORS policy: No 'Access-Control-Allow-Origin' header is present on the requested resource. @ http://localhost:8081/:0
[ 1821016ms] [ERROR] Failed to load resource: net::ERR_FAILED @ https://tamera-prepyloric-superacutely.ngrok-free.dev/v1/notifications:0
[ 1821016ms] [ERROR] Access to fetch at 'https://tamera-prepyloric-superacutely.ngrok-free.dev/v1/bookings?scope=provider' from origin 'http://localhost:8081' has been blocked by CORS policy: No 'Access-Control-Allow-Origin' header is present on the requested resource. @ http://localhost:8081/:0
[ 1821016ms] [ERROR] Failed to load resource: net::ERR_FAILED @ https://tamera-prepyloric-superacutely.ngrok-free.dev/v1/bookings?scope=provider:0
[ 1851009ms] [ERROR] Access to fetch at 'https://tamera-prepyloric-superacutely.ngrok-free.dev/v1/notifications' from origin 'http://localhost:8081' has been blocked by CORS policy: No 'Access-Control-Allow-Origin' header is present on the requested resource. @ http://localhost:8081/:0
[ 1851009ms] [ERROR] Failed to load resource: net::ERR_FAILED @ https://tamera-prepyloric-superacutely.ngrok-free.dev/v1/notifications:0
[ 1851009ms] [ERROR] Access to fetch at 'https://tamera-prepyloric-superacutely.ngrok-free.dev/v1/bookings?scope=provider' from origin 'http://localhost:8081' has been blocked by CORS policy: No 'Access-Control-Allow-Origin' header is present on the requested resource. @ http://localhost:8081/:0
[ 1851009ms] [ERROR] Failed to load resource: net::ERR_FAILED @ https://tamera-prepyloric-superacutely.ngrok-free.dev/v1/bookings?scope=provider:0
[ 1881008ms] [ERROR] Access to fetch at 'https://tamera-prepyloric-superacutely.ngrok-free.dev/v1/notifications' from origin 'http://localhost:8081' has been blocked by CORS policy: No 'Access-Control-Allow-Origin' header is present on the requested resource. @ http://localhost:8081/:0
[ 1881008ms] [ERROR] Failed to load resource: net::ERR_FAILED @ https://tamera-prepyloric-superacutely.ngrok-free.dev/v1/notifications:0
[ 1881008ms] [ERROR] Access to fetch at 'https://tamera-prepyloric-superacutely.ngrok-free.dev/v1/bookings?scope=provider' from origin 'http://localhost:8081' has been blocked by CORS policy: No 'Access-Control-Allow-Origin' header is present on the requested resource. @ http://localhost:8081/:0
[ 1881008ms] [ERROR] Failed to load resource: net::ERR_FAILED @ https://tamera-prepyloric-superacutely.ngrok-free.dev/v1/bookings?scope=provider:0
[ 1910961ms] [ERROR] Access to fetch at 'https://tamera-prepyloric-superacutely.ngrok-free.dev/v1/bookings?scope=provider' from origin 'http://localhost:8081' has been blocked by CORS policy: No 'Access-Control-Allow-Origin' header is present on the requested resource. @ http://localhost:8081/:0
[ 1910961ms] [ERROR] Failed to load resource: net::ERR_FAILED @ https://tamera-prepyloric-superacutely.ngrok-free.dev/v1/bookings?scope=provider:0
[ 1910962ms] [ERROR] Access to fetch at 'https://tamera-prepyloric-superacutely.ngrok-free.dev/v1/notifications' from origin 'http://localhost:8081' has been blocked by CORS policy: No 'Access-Control-Allow-Origin' header is present on the requested resource. @ http://localhost:8081/:0
[ 1910962ms] [ERROR] Failed to load resource: net::ERR_FAILED @ https://tamera-prepyloric-superacutely.ngrok-free.dev/v1/notifications:0
[ 1941001ms] [ERROR] Access to fetch at 'https://tamera-prepyloric-superacutely.ngrok-free.dev/v1/bookings?scope=provider' from origin 'http://localhost:8081' has been blocked by CORS policy: No 'Access-Control-Allow-Origin' header is present on the requested resource. @ http://localhost:8081/:0
[ 1941001ms] [ERROR] Failed to load resource: net::ERR_FAILED @ https://tamera-prepyloric-superacutely.ngrok-free.dev/v1/bookings?scope=provider:0
[ 1941002ms] [ERROR] Access to fetch at 'https://tamera-prepyloric-superacutely.ngrok-free.dev/v1/notifications' from origin 'http://localhost:8081' has been blocked by CORS policy: No 'Access-Control-Allow-Origin' header is present on the requested resource. @ http://localhost:8081/:0
[ 1941002ms] [ERROR] Failed to load resource: net::ERR_FAILED @ https://tamera-prepyloric-superacutely.ngrok-free.dev/v1/notifications:0
[ 1970954ms] [ERROR] Access to fetch at 'https://tamera-prepyloric-superacutely.ngrok-free.dev/v1/notifications' from origin 'http://localhost:8081' has been blocked by CORS policy: No 'Access-Control-Allow-Origin' header is present on the requested resource. @ http://localhost:8081/:0
[ 1970954ms] [ERROR] Failed to load resource: net::ERR_FAILED @ https://tamera-prepyloric-superacutely.ngrok-free.dev/v1/notifications:0
[ 1971061ms] [ERROR] Access to fetch at 'https://tamera-prepyloric-superacutely.ngrok-free.dev/v1/bookings?scope=provider' from origin 'http://localhost:8081' has been blocked by CORS policy: No 'Access-Control-Allow-Origin' header is present on the requested resource. @ http://localhost:8081/:0
[ 1971062ms] [ERROR] Failed to load resource: net::ERR_FAILED @ https://tamera-prepyloric-superacutely.ngrok-free.dev/v1/bookings?scope=provider:0
[ 2000949ms] [ERROR] Access to fetch at 'https://tamera-prepyloric-superacutely.ngrok-free.dev/v1/bookings?scope=provider' from origin 'http://localhost:8081' has been blocked by CORS policy: No 'Access-Control-Allow-Origin' header is present on the requested resource. @ http://localhost:8081/:0
[ 2000949ms] [ERROR] Failed to load resource: net::ERR_FAILED @ https://tamera-prepyloric-superacutely.ngrok-free.dev/v1/bookings?scope=provider:0
[ 2000950ms] [ERROR] Access to fetch at 'https://tamera-prepyloric-superacutely.ngrok-free.dev/v1/notifications' from origin 'http://localhost:8081' has been blocked by CORS policy: No 'Access-Control-Allow-Origin' header is present on the requested resource. @ http://localhost:8081/:0
[ 2000950ms] [ERROR] Failed to load resource: net::ERR_FAILED @ https://tamera-prepyloric-superacutely.ngrok-free.dev/v1/notifications:0
[ 2030960ms] [ERROR] Access to fetch at 'https://tamera-prepyloric-superacutely.ngrok-free.dev/v1/bookings?scope=provider' from origin 'http://localhost:8081' has been blocked by CORS policy: No 'Access-Control-Allow-Origin' header is present on the requested resource. @ http://localhost:8081/:0
[ 2030960ms] [ERROR] Failed to load resource: net::ERR_FAILED @ https://tamera-prepyloric-superacutely.ngrok-free.dev/v1/bookings?scope=provider:0
[ 2030961ms] [ERROR] Access to fetch at 'https://tamera-prepyloric-superacutely.ngrok-free.dev/v1/notifications' from origin 'http://localhost:8081' has been blocked by CORS policy: No 'Access-Control-Allow-Origin' header is present on the requested resource. @ http://localhost:8081/:0
[ 2030961ms] [ERROR] Failed to load resource: net::ERR_FAILED @ https://tamera-prepyloric-superacutely.ngrok-free.dev/v1/notifications:0
[ 2060959ms] [ERROR] Access to fetch at 'https://tamera-prepyloric-superacutely.ngrok-free.dev/v1/bookings?scope=provider' from origin 'http://localhost:8081' has been blocked by CORS policy: No 'Access-Control-Allow-Origin' header is present on the requested resource. @ http://localhost:8081/:0
[ 2060959ms] [ERROR] Failed to load resource: net::ERR_FAILED @ https://tamera-prepyloric-superacutely.ngrok-free.dev/v1/bookings?scope=provider:0
[ 2060960ms] [ERROR] Access to fetch at 'https://tamera-prepyloric-superacutely.ngrok-free.dev/v1/notifications' from origin 'http://localhost:8081' has been blocked by CORS policy: No 'Access-Control-Allow-Origin' header is present on the requested resource. @ http://localhost:8081/:0
[ 2060961ms] [ERROR] Failed to load resource: net::ERR_FAILED @ https://tamera-prepyloric-superacutely.ngrok-free.dev/v1/notifications:0
[ 2090946ms] [ERROR] Access to fetch at 'https://tamera-prepyloric-superacutely.ngrok-free.dev/v1/notifications' from origin 'http://localhost:8081' has been blocked by CORS policy: No 'Access-Control-Allow-Origin' header is present on the requested resource. @ http://localhost:8081/:0
[ 2090948ms] [ERROR] Failed to load resource: net::ERR_FAILED @ https://tamera-prepyloric-superacutely.ngrok-free.dev/v1/notifications:0
[ 2090948ms] [ERROR] Access to fetch at 'https://tamera-prepyloric-superacutely.ngrok-free.dev/v1/bookings?scope=provider' from origin 'http://localhost:8081' has been blocked by CORS policy: No 'Access-Control-Allow-Origin' header is present on the requested resource. @ http://localhost:8081/:0
[ 2090948ms] [ERROR] Failed to load resource: net::ERR_FAILED @ https://tamera-prepyloric-superacutely.ngrok-free.dev/v1/bookings?scope=provider:0
[ 2120977ms] [ERROR] Access to fetch at 'https://tamera-prepyloric-superacutely.ngrok-free.dev/v1/notifications' from origin 'http://localhost:8081' has been blocked by CORS policy: No 'Access-Control-Allow-Origin' header is present on the requested resource. @ http://localhost:8081/:0
[ 2120977ms] [ERROR] Failed to load resource: net::ERR_FAILED @ https://tamera-prepyloric-superacutely.ngrok-free.dev/v1/notifications:0
[ 2121090ms] [ERROR] Access to fetch at 'https://tamera-prepyloric-superacutely.ngrok-free.dev/v1/bookings?scope=provider' from origin 'http://localhost:8081' has been blocked by CORS policy: No 'Access-Control-Allow-Origin' header is present on the requested resource. @ http://localhost:8081/:0
[ 2121090ms] [ERROR] Failed to load resource: net::ERR_FAILED @ https://tamera-prepyloric-superacutely.ngrok-free.dev/v1/bookings?scope=provider:0
[ 2150947ms] [ERROR] Access to fetch at 'https://tamera-prepyloric-superacutely.ngrok-free.dev/v1/bookings?scope=provider' from origin 'http://localhost:8081' has been blocked by CORS policy: No 'Access-Control-Allow-Origin' header is present on the requested resource. @ http://localhost:8081/:0
[ 2150947ms] [ERROR] Failed to load resource: net::ERR_FAILED @ https://tamera-prepyloric-superacutely.ngrok-free.dev/v1/bookings?scope=provider:0
[ 2150947ms] [ERROR] Access to fetch at 'https://tamera-prepyloric-superacutely.ngrok-free.dev/v1/notifications' from origin 'http://localhost:8081' has been blocked by CORS policy: No 'Access-Control-Allow-Origin' header is present on the requested resource. @ http://localhost:8081/:0
[ 2150947ms] [ERROR] Failed to load resource: net::ERR_FAILED @ https://tamera-prepyloric-superacutely.ngrok-free.dev/v1/notifications:0
[ 2180964ms] [ERROR] Access to fetch at 'https://tamera-prepyloric-superacutely.ngrok-free.dev/v1/notifications' from origin 'http://localhost:8081' has been blocked by CORS policy: No 'Access-Control-Allow-Origin' header is present on the requested resource. @ http://localhost:8081/:0
[ 2180964ms] [ERROR] Failed to load resource: net::ERR_FAILED @ https://tamera-prepyloric-superacutely.ngrok-free.dev/v1/notifications:0
[ 2180964ms] [ERROR] Access to fetch at 'https://tamera-prepyloric-superacutely.ngrok-free.dev/v1/bookings?scope=provider' from origin 'http://localhost:8081' has been blocked by CORS policy: No 'Access-Control-Allow-Origin' header is present on the requested resource. @ http://localhost:8081/:0
[ 2180964ms] [ERROR] Failed to load resource: net::ERR_FAILED @ https://tamera-prepyloric-superacutely.ngrok-free.dev/v1/bookings?scope=provider:0
[ 2211209ms] [ERROR] Access to fetch at 'https://tamera-prepyloric-superacutely.ngrok-free.dev/v1/notifications' from origin 'http://localhost:8081' has been blocked by CORS policy: No 'Access-Control-Allow-Origin' header is present on the requested resource. @ http://localhost:8081/:0
[ 2211210ms] [ERROR] Failed to load resource: net::ERR_FAILED @ https://tamera-prepyloric-superacutely.ngrok-free.dev/v1/notifications:0
[ 2211210ms] [ERROR] Access to fetch at 'https://tamera-prepyloric-superacutely.ngrok-free.dev/v1/bookings?scope=provider' from origin 'http://localhost:8081' has been blocked by CORS policy: No 'Access-Control-Allow-Origin' header is present on the requested resource. @ http://localhost:8081/:0
[ 2211210ms] [ERROR] Failed to load resource: net::ERR_FAILED @ https://tamera-prepyloric-superacutely.ngrok-free.dev/v1/bookings?scope=provider:0
[ 2240977ms] [ERROR] Access to fetch at 'https://tamera-prepyloric-superacutely.ngrok-free.dev/v1/notifications' from origin 'http://localhost:8081' has been blocked by CORS policy: No 'Access-Control-Allow-Origin' header is present on the requested resource. @ http://localhost:8081/:0
[ 2240977ms] [ERROR] Failed to load resource: net::ERR_FAILED @ https://tamera-prepyloric-superacutely.ngrok-free.dev/v1/notifications:0
[ 2240978ms] [ERROR] Access to fetch at 'https://tamera-prepyloric-superacutely.ngrok-free.dev/v1/bookings?scope=provider' from origin 'http://localhost:8081' has been blocked by CORS policy: No 'Access-Control-Allow-Origin' header is present on the requested resource. @ http://localhost:8081/:0
[ 2240978ms] [ERROR] Failed to load resource: net::ERR_FAILED @ https://tamera-prepyloric-superacutely.ngrok-free.dev/v1/bookings?scope=provider:0
[ 2270969ms] [ERROR] Access to fetch at 'https://tamera-prepyloric-superacutely.ngrok-free.dev/v1/notifications' from origin 'http://localhost:8081' has been blocked by CORS policy: No 'Access-Control-Allow-Origin' header is present on the requested resource. @ http://localhost:8081/:0
[ 2270969ms] [ERROR] Failed to load resource: net::ERR_FAILED @ https://tamera-prepyloric-superacutely.ngrok-free.dev/v1/notifications:0
[ 2270969ms] [ERROR] Access to fetch at 'https://tamera-prepyloric-superacutely.ngrok-free.dev/v1/bookings?scope=provider' from origin 'http://localhost:8081' has been blocked by CORS policy: No 'Access-Control-Allow-Origin' header is present on the requested resource. @ http://localhost:8081/:0
[ 2270970ms] [ERROR] Failed to load resource: net::ERR_FAILED @ https://tamera-prepyloric-superacutely.ngrok-free.dev/v1/bookings?scope=provider:0
[ 2300969ms] [ERROR] Access to fetch at 'https://tamera-prepyloric-superacutely.ngrok-free.dev/v1/bookings?scope=provider' from origin 'http://localhost:8081' has been blocked by CORS policy: No 'Access-Control-Allow-Origin' header is present on the requested resource. @ http://localhost:8081/:0
[ 2300969ms] [ERROR] Failed to load resource: net::ERR_FAILED @ https://tamera-prepyloric-superacutely.ngrok-free.dev/v1/bookings?scope=provider:0
[ 2300970ms] [ERROR] Access to fetch at 'https://tamera-prepyloric-superacutely.ngrok-free.dev/v1/notifications' from origin 'http://localhost:8081' has been blocked by CORS policy: No 'Access-Control-Allow-Origin' header is present on the requested resource. @ http://localhost:8081/:0
[ 2300970ms] [ERROR] Failed to load resource: net::ERR_FAILED @ https://tamera-prepyloric-superacutely.ngrok-free.dev/v1/notifications:0
[ 2330975ms] [ERROR] Access to fetch at 'https://tamera-prepyloric-superacutely.ngrok-free.dev/v1/notifications' from origin 'http://localhost:8081' has been blocked by CORS policy: No 'Access-Control-Allow-Origin' header is present on the requested resource. @ http://localhost:8081/:0
[ 2330975ms] [ERROR] Failed to load resource: net::ERR_FAILED @ https://tamera-prepyloric-superacutely.ngrok-free.dev/v1/notifications:0
[ 2330976ms] [ERROR] Access to fetch at 'https://tamera-prepyloric-superacutely.ngrok-free.dev/v1/bookings?scope=provider' from origin 'http://localhost:8081' has been blocked by CORS policy: No 'Access-Control-Allow-Origin' header is present on the requested resource. @ http://localhost:8081/:0
[ 2330977ms] [ERROR] Failed to load resource: net::ERR_FAILED @ https://tamera-prepyloric-superacutely.ngrok-free.dev/v1/bookings?scope=provider:0
[ 2361260ms] [ERROR] Access to fetch at 'https://tamera-prepyloric-superacutely.ngrok-free.dev/v1/notifications' from origin 'http://localhost:8081' has been blocked by CORS policy: No 'Access-Control-Allow-Origin' header is present on the requested resource. @ http://localhost:8081/:0
[ 2361265ms] [ERROR] Failed to load resource: net::ERR_FAILED @ https://tamera-prepyloric-superacutely.ngrok-free.dev/v1/notifications:0
[ 2361267ms] [ERROR] Access to fetch at 'https://tamera-prepyloric-superacutely.ngrok-free.dev/v1/bookings?scope=provider' from origin 'http://localhost:8081' has been blocked by CORS policy: No 'Access-Control-Allow-Origin' header is present on the requested resource. @ http://localhost:8081/:0
[ 2361268ms] [ERROR] Failed to load resource: net::ERR_FAILED @ https://tamera-prepyloric-superacutely.ngrok-free.dev/v1/bookings?scope=provider:0
[ 2391033ms] [ERROR] Access to fetch at 'https://tamera-prepyloric-superacutely.ngrok-free.dev/v1/notifications' from origin 'http://localhost:8081' has been blocked by CORS policy: No 'Access-Control-Allow-Origin' header is present on the requested resource. @ http://localhost:8081/:0
[ 2391049ms] [ERROR] Failed to load resource: net::ERR_FAILED @ https://tamera-prepyloric-superacutely.ngrok-free.dev/v1/notifications:0
[ 2391073ms] [ERROR] Access to fetch at 'https://tamera-prepyloric-superacutely.ngrok-free.dev/v1/bookings?scope=provider' from origin 'http://localhost:8081' has been blocked by CORS policy: No 'Access-Control-Allow-Origin' header is present on the requested resource. @ http://localhost:8081/:0
[ 2391074ms] [ERROR] Failed to load resource: net::ERR_FAILED @ https://tamera-prepyloric-superacutely.ngrok-free.dev/v1/bookings?scope=provider:0
[ 2420999ms] [ERROR] Access to fetch at 'https://tamera-prepyloric-superacutely.ngrok-free.dev/v1/notifications' from origin 'http://localhost:8081' has been blocked by CORS policy: No 'Access-Control-Allow-Origin' header is present on the requested resource. @ http://localhost:8081/:0
[ 2421001ms] [ERROR] Failed to load resource: net::ERR_FAILED @ https://tamera-prepyloric-superacutely.ngrok-free.dev/v1/notifications:0
[ 2421002ms] [ERROR] Access to fetch at 'https://tamera-prepyloric-superacutely.ngrok-free.dev/v1/bookings?scope=provider' from origin 'http://localhost:8081' has been blocked by CORS policy: No 'Access-Control-Allow-Origin' header is present on the requested resource. @ http://localhost:8081/:0
[ 2421005ms] [ERROR] Failed to load resource: net::ERR_FAILED @ https://tamera-prepyloric-superacutely.ngrok-free.dev/v1/bookings?scope=provider:0
[ 2451150ms] [ERROR] Access to fetch at 'https://tamera-prepyloric-superacutely.ngrok-free.dev/v1/bookings?scope=provider' from origin 'http://localhost:8081' has been blocked by CORS policy: No 'Access-Control-Allow-Origin' header is present on the requested resource. @ http://localhost:8081/:0
[ 2451164ms] [ERROR] Failed to load resource: net::ERR_FAILED @ https://tamera-prepyloric-superacutely.ngrok-free.dev/v1/bookings?scope=provider:0
[ 2451200ms] [ERROR] Access to fetch at 'https://tamera-prepyloric-superacutely.ngrok-free.dev/v1/notifications' from origin 'http://localhost:8081' has been blocked by CORS policy: No 'Access-Control-Allow-Origin' header is present on the requested resource. @ http://localhost:8081/:0
[ 2451203ms] [ERROR] Failed to load resource: net::ERR_FAILED @ https://tamera-prepyloric-superacutely.ngrok-free.dev/v1/notifications:0
[ 2480978ms] [ERROR] Access to fetch at 'https://tamera-prepyloric-superacutely.ngrok-free.dev/v1/notifications' from origin 'http://localhost:8081' has been blocked by CORS policy: No 'Access-Control-Allow-Origin' header is present on the requested resource. @ http://localhost:8081/:0
[ 2480984ms] [ERROR] Failed to load resource: net::ERR_FAILED @ https://tamera-prepyloric-superacutely.ngrok-free.dev/v1/notifications:0
[ 2480984ms] [ERROR] Access to fetch at 'https://tamera-prepyloric-superacutely.ngrok-free.dev/v1/bookings?scope=provider' from origin 'http://localhost:8081' has been blocked by CORS policy: No 'Access-Control-Allow-Origin' header is present on the requested resource. @ http://localhost:8081/:0
[ 2480986ms] [ERROR] Failed to load resource: net::ERR_FAILED @ https://tamera-prepyloric-superacutely.ngrok-free.dev/v1/bookings?scope=provider:0
[ 2510960ms] [ERROR] Access to fetch at 'https://tamera-prepyloric-superacutely.ngrok-free.dev/v1/notifications' from origin 'http://localhost:8081' has been blocked by CORS policy: No 'Access-Control-Allow-Origin' header is present on the requested resource. @ http://localhost:8081/:0
[ 2510965ms] [ERROR] Failed to load resource: net::ERR_FAILED @ https://tamera-prepyloric-superacutely.ngrok-free.dev/v1/notifications:0
[ 2510965ms] [ERROR] Access to fetch at 'https://tamera-prepyloric-superacutely.ngrok-free.dev/v1/bookings?scope=provider' from origin 'http://localhost:8081' has been blocked by CORS policy: No 'Access-Control-Allow-Origin' header is present on the requested resource. @ http://localhost:8081/:0
[ 2510966ms] [ERROR] Failed to load resource: net::ERR_FAILED @ https://tamera-prepyloric-superacutely.ngrok-free.dev/v1/bookings?scope=provider:0
[ 2540994ms] [ERROR] Access to fetch at 'https://tamera-prepyloric-superacutely.ngrok-free.dev/v1/bookings?scope=provider' from origin 'http://localhost:8081' has been blocked by CORS policy: No 'Access-Control-Allow-Origin' header is present on the requested resource. @ http://localhost:8081/:0
[ 2540997ms] [ERROR] Failed to load resource: net::ERR_FAILED @ https://tamera-prepyloric-superacutely.ngrok-free.dev/v1/bookings?scope=provider:0
[ 2541002ms] [ERROR] Access to fetch at 'https://tamera-prepyloric-superacutely.ngrok-free.dev/v1/notifications' from origin 'http://localhost:8081' has been blocked by CORS policy: No 'Access-Control-Allow-Origin' header is present on the requested resource. @ http://localhost:8081/:0
[ 2541003ms] [ERROR] Failed to load resource: net::ERR_FAILED @ https://tamera-prepyloric-superacutely.ngrok-free.dev/v1/notifications:0
[ 2571051ms] [ERROR] Access to fetch at 'https://tamera-prepyloric-superacutely.ngrok-free.dev/v1/notifications' from origin 'http://localhost:8081' has been blocked by CORS policy: No 'Access-Control-Allow-Origin' header is present on the requested resource. @ http://localhost:8081/:0
[ 2571053ms] [ERROR] Failed to load resource: net::ERR_FAILED @ https://tamera-prepyloric-superacutely.ngrok-free.dev/v1/notifications:0
[ 2571153ms] [ERROR] Access to fetch at 'https://tamera-prepyloric-superacutely.ngrok-free.dev/v1/bookings?scope=provider' from origin 'http://localhost:8081' has been blocked by CORS policy: No 'Access-Control-Allow-Origin' header is present on the requested resource. @ http://localhost:8081/:0
[ 2571153ms] [ERROR] Failed to load resource: net::ERR_FAILED @ https://tamera-prepyloric-superacutely.ngrok-free.dev/v1/bookings?scope=provider:0
[ 2600996ms] [ERROR] Access to fetch at 'https://tamera-prepyloric-superacutely.ngrok-free.dev/v1/notifications' from origin 'http://localhost:8081' has been blocked by CORS policy: No 'Access-Control-Allow-Origin' header is present on the requested resource. @ http://localhost:8081/:0
[ 2601000ms] [ERROR] Failed to load resource: net::ERR_FAILED @ https://tamera-prepyloric-superacutely.ngrok-free.dev/v1/notifications:0
[ 2601003ms] [ERROR] Access to fetch at 'https://tamera-prepyloric-superacutely.ngrok-free.dev/v1/bookings?scope=provider' from origin 'http://localhost:8081' has been blocked by CORS policy: No 'Access-Control-Allow-Origin' header is present on the requested resource. @ http://localhost:8081/:0
[ 2601004ms] [ERROR] Failed to load resource: net::ERR_FAILED @ https://tamera-prepyloric-superacutely.ngrok-free.dev/v1/bookings?scope=provider:0
[ 2631010ms] [ERROR] Access to fetch at 'https://tamera-prepyloric-superacutely.ngrok-free.dev/v1/notifications' from origin 'http://localhost:8081' has been blocked by CORS policy: No 'Access-Control-Allow-Origin' header is present on the requested resource. @ http://localhost:8081/:0
[ 2631014ms] [ERROR] Failed to load resource: net::ERR_FAILED @ https://tamera-prepyloric-superacutely.ngrok-free.dev/v1/notifications:0
[ 2631016ms] [ERROR] Access to fetch at 'https://tamera-prepyloric-superacutely.ngrok-free.dev/v1/bookings?scope=provider' from origin 'http://localhost:8081' has been blocked by CORS policy: No 'Access-Control-Allow-Origin' header is present on the requested resource. @ http://localhost:8081/:0
[ 2631017ms] [ERROR] Failed to load resource: net::ERR_FAILED @ https://tamera-prepyloric-superacutely.ngrok-free.dev/v1/bookings?scope=provider:0
[ 2661018ms] [ERROR] Access to fetch at 'https://tamera-prepyloric-superacutely.ngrok-free.dev/v1/notifications' from origin 'http://localhost:8081' has been blocked by CORS policy: No 'Access-Control-Allow-Origin' header is present on the requested resource. @ http://localhost:8081/:0
[ 2661019ms] [ERROR] Failed to load resource: net::ERR_FAILED @ https://tamera-prepyloric-superacutely.ngrok-free.dev/v1/notifications:0
[ 2661020ms] [ERROR] Access to fetch at 'https://tamera-prepyloric-superacutely.ngrok-free.dev/v1/bookings?scope=provider' from origin 'http://localhost:8081' has been blocked by CORS policy: No 'Access-Control-Allow-Origin' header is present on the requested resource. @ http://localhost:8081/:0
[ 2661021ms] [ERROR] Failed to load resource: net::ERR_FAILED @ https://tamera-prepyloric-superacutely.ngrok-free.dev/v1/bookings?scope=provider:0
[ 2690967ms] [ERROR] Access to fetch at 'https://tamera-prepyloric-superacutely.ngrok-free.dev/v1/notifications' from origin 'http://localhost:8081' has been blocked by CORS policy: No 'Access-Control-Allow-Origin' header is present on the requested resource. @ http://localhost:8081/:0
[ 2690969ms] [ERROR] Failed to load resource: net::ERR_FAILED @ https://tamera-prepyloric-superacutely.ngrok-free.dev/v1/notifications:0
[ 2690970ms] [ERROR] Access to fetch at 'https://tamera-prepyloric-superacutely.ngrok-free.dev/v1/bookings?scope=provider' from origin 'http://localhost:8081' has been blocked by CORS policy: No 'Access-Control-Allow-Origin' header is present on the requested resource. @ http://localhost:8081/:0
[ 2690970ms] [ERROR] Failed to load resource: net::ERR_FAILED @ https://tamera-prepyloric-superacutely.ngrok-free.dev/v1/bookings?scope=provider:0
[ 2720970ms] [ERROR] Access to fetch at 'https://tamera-prepyloric-superacutely.ngrok-free.dev/v1/bookings?scope=provider' from origin 'http://localhost:8081' has been blocked by CORS policy: No 'Access-Control-Allow-Origin' header is present on the requested resource. @ http://localhost:8081/:0
[ 2720970ms] [ERROR] Failed to load resource: net::ERR_FAILED @ https://tamera-prepyloric-superacutely.ngrok-free.dev/v1/bookings?scope=provider:0
[ 2721073ms] [ERROR] Access to fetch at 'https://tamera-prepyloric-superacutely.ngrok-free.dev/v1/notifications' from origin 'http://localhost:8081' has been blocked by CORS policy: No 'Access-Control-Allow-Origin' header is present on the requested resource. @ http://localhost:8081/:0
[ 2721073ms] [ERROR] Failed to load resource: net::ERR_FAILED @ https://tamera-prepyloric-superacutely.ngrok-free.dev/v1/notifications:0
[ 2750982ms] [ERROR] Access to fetch at 'https://tamera-prepyloric-superacutely.ngrok-free.dev/v1/notifications' from origin 'http://localhost:8081' has been blocked by CORS policy: No 'Access-Control-Allow-Origin' header is present on the requested resource. @ http://localhost:8081/:0
[ 2750982ms] [ERROR] Failed to load resource: net::ERR_FAILED @ https://tamera-prepyloric-superacutely.ngrok-free.dev/v1/notifications:0
[ 2750983ms] [ERROR] Access to fetch at 'https://tamera-prepyloric-superacutely.ngrok-free.dev/v1/bookings?scope=provider' from origin 'http://localhost:8081' has been blocked by CORS policy: No 'Access-Control-Allow-Origin' header is present on the requested resource. @ http://localhost:8081/:0
[ 2750983ms] [ERROR] Failed to load resource: net::ERR_FAILED @ https://tamera-prepyloric-superacutely.ngrok-free.dev/v1/bookings?scope=provider:0
[ 2781038ms] [ERROR] Access to fetch at 'https://tamera-prepyloric-superacutely.ngrok-free.dev/v1/notifications' from origin 'http://localhost:8081' has been blocked by CORS policy: No 'Access-Control-Allow-Origin' header is present on the requested resource. @ http://localhost:8081/:0
[ 2781041ms] [ERROR] Failed to load resource: net::ERR_FAILED @ https://tamera-prepyloric-superacutely.ngrok-free.dev/v1/notifications:0
[ 2781041ms] [ERROR] Access to fetch at 'https://tamera-prepyloric-superacutely.ngrok-free.dev/v1/bookings?scope=provider' from origin 'http://localhost:8081' has been blocked by CORS policy: No 'Access-Control-Allow-Origin' header is present on the requested resource. @ http://localhost:8081/:0
[ 2781041ms] [ERROR] Failed to load resource: net::ERR_FAILED @ https://tamera-prepyloric-superacutely.ngrok-free.dev/v1/bookings?scope=provider:0
[ 2810980ms] [ERROR] Access to fetch at 'https://tamera-prepyloric-superacutely.ngrok-free.dev/v1/notifications' from origin 'http://localhost:8081' has been blocked by CORS policy: No 'Access-Control-Allow-Origin' header is present on the requested resource. @ http://localhost:8081/:0
[ 2810982ms] [ERROR] Failed to load resource: net::ERR_FAILED @ https://tamera-prepyloric-superacutely.ngrok-free.dev/v1/notifications:0
[ 2810983ms] [ERROR] Access to fetch at 'https://tamera-prepyloric-superacutely.ngrok-free.dev/v1/bookings?scope=provider' from origin 'http://localhost:8081' has been blocked by CORS policy: No 'Access-Control-Allow-Origin' header is present on the requested resource. @ http://localhost:8081/:0
[ 2810985ms] [ERROR] Failed to load resource: net::ERR_FAILED @ https://tamera-prepyloric-superacutely.ngrok-free.dev/v1/bookings?scope=provider:0
[ 2840966ms] [ERROR] Access to fetch at 'https://tamera-prepyloric-superacutely.ngrok-free.dev/v1/notifications' from origin 'http://localhost:8081' has been blocked by CORS policy: Response to preflight request doesn't pass access control check: No 'Access-Control-Allow-Origin' header is present on the requested resource. @ http://localhost:8081/:0
[ 2840969ms] [ERROR] Failed to load resource: net::ERR_FAILED @ https://tamera-prepyloric-superacutely.ngrok-free.dev/v1/notifications:0
[ 2840970ms] [ERROR] Access to fetch at 'https://tamera-prepyloric-superacutely.ngrok-free.dev/v1/bookings?scope=provider' from origin 'http://localhost:8081' has been blocked by CORS policy: Response to preflight request doesn't pass access control check: No 'Access-Control-Allow-Origin' header is present on the requested resource. @ http://localhost:8081/:0
[ 2840971ms] [ERROR] Failed to load resource: net::ERR_FAILED @ https://tamera-prepyloric-superacutely.ngrok-free.dev/v1/bookings?scope=provider:0
[ 2870974ms] [ERROR] Access to fetch at 'https://tamera-prepyloric-superacutely.ngrok-free.dev/v1/notifications' from origin 'http://localhost:8081' has been blocked by CORS policy: Response to preflight request doesn't pass access control check: No 'Access-Control-Allow-Origin' header is present on the requested resource. @ http://localhost:8081/:0
[ 2871055ms] [ERROR] Failed to load resource: net::ERR_FAILED @ https://tamera-prepyloric-superacutely.ngrok-free.dev/v1/notifications:0
[ 2871087ms] [ERROR] Access to fetch at 'https://tamera-prepyloric-superacutely.ngrok-free.dev/v1/bookings?scope=provider' from origin 'http://localhost:8081' has been blocked by CORS policy: Response to preflight request doesn't pass access control check: No 'Access-Control-Allow-Origin' header is present on the requested resource. @ http://localhost:8081/:0
[ 2871090ms] [ERROR] Failed to load resource: net::ERR_FAILED @ https://tamera-prepyloric-superacutely.ngrok-free.dev/v1/bookings?scope=provider:0
[ 2900966ms] [ERROR] Access to fetch at 'https://tamera-prepyloric-superacutely.ngrok-free.dev/v1/bookings?scope=provider' from origin 'http://localhost:8081' has been blocked by CORS policy: Response to preflight request doesn't pass access control check: No 'Access-Control-Allow-Origin' header is present on the requested resource. @ http://localhost:8081/:0
[ 2900966ms] [ERROR] Failed to load resource: net::ERR_FAILED @ https://tamera-prepyloric-superacutely.ngrok-free.dev/v1/bookings?scope=provider:0
[ 2900966ms] [ERROR] Access to fetch at 'https://tamera-prepyloric-superacutely.ngrok-free.dev/v1/notifications' from origin 'http://localhost:8081' has been blocked by CORS policy: Response to preflight request doesn't pass access control check: No 'Access-Control-Allow-Origin' header is present on the requested resource. @ http://localhost:8081/:0
[ 2900968ms] [ERROR] Failed to load resource: net::ERR_FAILED @ https://tamera-prepyloric-superacutely.ngrok-free.dev/v1/notifications:0
[ 2931017ms] [ERROR] Access to fetch at 'https://tamera-prepyloric-superacutely.ngrok-free.dev/v1/bookings?scope=provider' from origin 'http://localhost:8081' has been blocked by CORS policy: Response to preflight request doesn't pass access control check: No 'Access-Control-Allow-Origin' header is present on the requested resource. @ http://localhost:8081/:0
[ 2931018ms] [ERROR] Failed to load resource: net::ERR_FAILED @ https://tamera-prepyloric-superacutely.ngrok-free.dev/v1/bookings?scope=provider:0
[ 2931018ms] [ERROR] Access to fetch at 'https://tamera-prepyloric-superacutely.ngrok-free.dev/v1/notifications' from origin 'http://localhost:8081' has been blocked by CORS policy: Response to preflight request doesn't pass access control check: No 'Access-Control-Allow-Origin' header is present on the requested resource. @ http://localhost:8081/:0
[ 2931021ms] [ERROR] Failed to load resource: net::ERR_FAILED @ https://tamera-prepyloric-superacutely.ngrok-free.dev/v1/notifications:0
[ 2960968ms] [ERROR] Access to fetch at 'https://tamera-prepyloric-superacutely.ngrok-free.dev/v1/notifications' from origin 'http://localhost:8081' has been blocked by CORS policy: Response to preflight request doesn't pass access control check: No 'Access-Control-Allow-Origin' header is present on the requested resource. @ http://localhost:8081/:0
[ 2960969ms] [ERROR] Failed to load resource: net::ERR_FAILED @ https://tamera-prepyloric-superacutely.ngrok-free.dev/v1/notifications:0
[ 2960971ms] [ERROR] Access to fetch at 'https://tamera-prepyloric-superacutely.ngrok-free.dev/v1/bookings?scope=provider' from origin 'http://localhost:8081' has been blocked by CORS policy: Response to preflight request doesn't pass access control check: No 'Access-Control-Allow-Origin' header is present on the requested resource. @ http://localhost:8081/:0
[ 2960973ms] [ERROR] Failed to load resource: net::ERR_FAILED @ https://tamera-prepyloric-superacutely.ngrok-free.dev/v1/bookings?scope=provider:0
[ 2990954ms] [ERROR] Access to fetch at 'https://tamera-prepyloric-superacutely.ngrok-free.dev/v1/notifications' from origin 'http://localhost:8081' has been blocked by CORS policy: Response to preflight request doesn't pass access control check: No 'Access-Control-Allow-Origin' header is present on the requested resource. @ http://localhost:8081/:0
[ 2990956ms] [ERROR] Failed to load resource: net::ERR_FAILED @ https://tamera-prepyloric-superacutely.ngrok-free.dev/v1/notifications:0
[ 2990956ms] [ERROR] Access to fetch at 'https://tamera-prepyloric-superacutely.ngrok-free.dev/v1/bookings?scope=provider' from origin 'http://localhost:8081' has been blocked by CORS policy: Response to preflight request doesn't pass access control check: No 'Access-Control-Allow-Origin' header is present on the requested resource. @ http://localhost:8081/:0
[ 2990958ms] [ERROR] Failed to load resource: net::ERR_FAILED @ https://tamera-prepyloric-superacutely.ngrok-free.dev/v1/bookings?scope=provider:0
[ 3022787ms] [ERROR] Access to fetch at 'https://tamera-prepyloric-superacutely.ngrok-free.dev/v1/bookings?scope=provider' from origin 'http://localhost:8081' has been blocked by CORS policy: Response to preflight request doesn't pass access control check: No 'Access-Control-Allow-Origin' header is present on the requested resource. @ http://localhost:8081/:0
[ 3022811ms] [ERROR] Failed to load resource: net::ERR_FAILED @ https://tamera-prepyloric-superacutely.ngrok-free.dev/v1/bookings?scope=provider:0
[ 3022953ms] [ERROR] Access to fetch at 'https://tamera-prepyloric-superacutely.ngrok-free.dev/v1/notifications' from origin 'http://localhost:8081' has been blocked by CORS policy: Response to preflight request doesn't pass access control check: No 'Access-Control-Allow-Origin' header is present on the requested resource. @ http://localhost:8081/:0
[ 3022956ms] [ERROR] Failed to load resource: net::ERR_FAILED @ https://tamera-prepyloric-superacutely.ngrok-free.dev/v1/notifications:0
[ 3051059ms] [ERROR] Access to fetch at 'https://tamera-prepyloric-superacutely.ngrok-free.dev/v1/bookings?scope=provider' from origin 'http://localhost:8081' has been blocked by CORS policy: Response to preflight request doesn't pass access control check: No 'Access-Control-Allow-Origin' header is present on the requested resource. @ http://localhost:8081/:0
[ 3051063ms] [ERROR] Failed to load resource: net::ERR_FAILED @ https://tamera-prepyloric-superacutely.ngrok-free.dev/v1/bookings?scope=provider:0
[ 3051065ms] [ERROR] Access to fetch at 'https://tamera-prepyloric-superacutely.ngrok-free.dev/v1/notifications' from origin 'http://localhost:8081' has been blocked by CORS policy: Response to preflight request doesn't pass access control check: No 'Access-Control-Allow-Origin' header is present on the requested resource. @ http://localhost:8081/:0
[ 3051065ms] [ERROR] Failed to load resource: net::ERR_FAILED @ https://tamera-prepyloric-superacutely.ngrok-free.dev/v1/notifications:0
[ 3081002ms] [ERROR] Access to fetch at 'https://tamera-prepyloric-superacutely.ngrok-free.dev/v1/notifications' from origin 'http://localhost:8081' has been blocked by CORS policy: Response to preflight request doesn't pass access control check: No 'Access-Control-Allow-Origin' header is present on the requested resource. @ http://localhost:8081/:0
[ 3081003ms] [ERROR] Failed to load resource: net::ERR_FAILED @ https://tamera-prepyloric-superacutely.ngrok-free.dev/v1/notifications:0
[ 3081108ms] [ERROR] Access to fetch at 'https://tamera-prepyloric-superacutely.ngrok-free.dev/v1/bookings?scope=provider' from origin 'http://localhost:8081' has been blocked by CORS policy: Response to preflight request doesn't pass access control check: No 'Access-Control-Allow-Origin' header is present on the requested resource. @ http://localhost:8081/:0
[ 3081111ms] [ERROR] Failed to load resource: net::ERR_FAILED @ https://tamera-prepyloric-superacutely.ngrok-free.dev/v1/bookings?scope=provider:0
[ 3110998ms] [ERROR] Access to fetch at 'https://tamera-prepyloric-superacutely.ngrok-free.dev/v1/notifications' from origin 'http://localhost:8081' has been blocked by CORS policy: Response to preflight request doesn't pass access control check: No 'Access-Control-Allow-Origin' header is present on the requested resource. @ http://localhost:8081/:0
[ 3111000ms] [ERROR] Failed to load resource: net::ERR_FAILED @ https://tamera-prepyloric-superacutely.ngrok-free.dev/v1/notifications:0
[ 3111101ms] [ERROR] Access to fetch at 'https://tamera-prepyloric-superacutely.ngrok-free.dev/v1/bookings?scope=provider' from origin 'http://localhost:8081' has been blocked by CORS policy: Response to preflight request doesn't pass access control check: No 'Access-Control-Allow-Origin' header is present on the requested resource. @ http://localhost:8081/:0
[ 3111102ms] [ERROR] Failed to load resource: net::ERR_FAILED @ https://tamera-prepyloric-superacutely.ngrok-free.dev/v1/bookings?scope=provider:0
[ 3140937ms] [ERROR] Access to fetch at 'https://tamera-prepyloric-superacutely.ngrok-free.dev/v1/bookings?scope=provider' from origin 'http://localhost:8081' has been blocked by CORS policy: Response to preflight request doesn't pass access control check: No 'Access-Control-Allow-Origin' header is present on the requested resource. @ http://localhost:8081/:0
[ 3140938ms] [ERROR] Failed to load resource: net::ERR_FAILED @ https://tamera-prepyloric-superacutely.ngrok-free.dev/v1/bookings?scope=provider:0
[ 3140940ms] [ERROR] Access to fetch at 'https://tamera-prepyloric-superacutely.ngrok-free.dev/v1/notifications' from origin 'http://localhost:8081' has been blocked by CORS policy: Response to preflight request doesn't pass access control check: No 'Access-Control-Allow-Origin' header is present on the requested resource. @ http://localhost:8081/:0
[ 3140941ms] [ERROR] Failed to load resource: net::ERR_FAILED @ https://tamera-prepyloric-superacutely.ngrok-free.dev/v1/notifications:0
[ 3170936ms] [ERROR] Access to fetch at 'https://tamera-prepyloric-superacutely.ngrok-free.dev/v1/notifications' from origin 'http://localhost:8081' has been blocked by CORS policy: Response to preflight request doesn't pass access control check: No 'Access-Control-Allow-Origin' header is present on the requested resource. @ http://localhost:8081/:0
[ 3170936ms] [ERROR] Failed to load resource: net::ERR_FAILED @ https://tamera-prepyloric-superacutely.ngrok-free.dev/v1/notifications:0
[ 3170937ms] [ERROR] Access to fetch at 'https://tamera-prepyloric-superacutely.ngrok-free.dev/v1/bookings?scope=provider' from origin 'http://localhost:8081' has been blocked by CORS policy: Response to preflight request doesn't pass access control check: No 'Access-Control-Allow-Origin' header is present on the requested resource. @ http://localhost:8081/:0
[ 3170937ms] [ERROR] Failed to load resource: net::ERR_FAILED @ https://tamera-prepyloric-superacutely.ngrok-free.dev/v1/bookings?scope=provider:0
[ 3200946ms] [ERROR] Access to fetch at 'https://tamera-prepyloric-superacutely.ngrok-free.dev/v1/notifications' from origin 'http://localhost:8081' has been blocked by CORS policy: Response to preflight request doesn't pass access control check: No 'Access-Control-Allow-Origin' header is present on the requested resource. @ http://localhost:8081/:0
[ 3200960ms] [ERROR] Failed to load resource: net::ERR_FAILED @ https://tamera-prepyloric-superacutely.ngrok-free.dev/v1/notifications:0
[ 3200961ms] [ERROR] Access to fetch at 'https://tamera-prepyloric-superacutely.ngrok-free.dev/v1/bookings?scope=provider' from origin 'http://localhost:8081' has been blocked by CORS policy: Response to preflight request doesn't pass access control check: No 'Access-Control-Allow-Origin' header is present on the requested resource. @ http://localhost:8081/:0
[ 3200961ms] [ERROR] Failed to load resource: net::ERR_FAILED @ https://tamera-prepyloric-superacutely.ngrok-free.dev/v1/bookings?scope=provider:0
