[ 2898191ms] [VERBOSE] [DOM] Password field is not contained in a form: (More info: https://goo.gl/9p2vKq) %o @ http://localhost:8082/:0
[ 2902492ms] [WARNING] Animated: `useNativeDriver` is not supported because the native animated module is missing. Falling back to JS-based animation. To resolve this, add `RCTAnimation` module to this app, or remove `useNativeDriver`. Make sure to run `bundle exec pod install` first. Read more about autolinking: https://github.com/react-native-community/cli/blob/master/docs/autolinking.md @ http://localhost:8082/index.ts.bundle?platform=web&dev=true&hot=false&lazy=true&transform.engine=hermes&transform.routerRoot=app&unstable_transformProfile=hermes-stable:175747
[ 2903430ms] [ERROR] Failed to load resource: net::ERR_CONNECTION_REFUSED @ http://localhost:8082/node_modules/expo-notifications/build/index.bundle?platform=web&dev=true&hot=false&lazy=true&transform.engine=hermes&transform.routerRoot=app&unstable_transformProfile=hermes-stable&modulesOnly=true&runModule=false:0
[ 2904025ms] [WARNING] props.pointerEvents is deprecated. Use style.pointerEvents @ http://localhost:8082/index.ts.bundle?platform=web&dev=true&hot=false&lazy=true&transform.engine=hermes&transform.routerRoot=app&unstable_transformProfile=hermes-stable:23463
[ 2904053ms] [ERROR] Failed to load resource: net::ERR_CONNECTION_REFUSED @ http://localhost:8082/node_modules/expo-notifications/build/index.bundle?platform=web&dev=true&hot=false&lazy=true&transform.engine=hermes&transform.routerRoot=app&unstable_transformProfile=hermes-stable&modulesOnly=true&runModule=false:0
[ 2982510ms] [WARNING] Expected value to be of type number, but found null instead. @ blob:http://localhost:8082/73546b56-227a-4978-8fef-526ca1cc3ad6:0
[ 2982517ms] [WARNING] Expected value to be of type number, but found null instead. @ blob:http://localhost:8082/73546b56-227a-4978-8fef-526ca1cc3ad6:0
[ 2982522ms] [WARNING] Expected value to be of type number, but found null instead. @ blob:http://localhost:8082/73546b56-227a-4978-8fef-526ca1cc3ad6:0
[ 2991621ms] [WARNING] Expected value to be of type number, but found null instead. @ blob:http://localhost:8082/51947a2f-322d-42d4-8f13-377c1de7567b:0
[ 2991629ms] [WARNING] Expected value to be of type number, but found null instead. @ blob:http://localhost:8082/51947a2f-322d-42d4-8f13-377c1de7567b:0
[ 2991636ms] [WARNING] Expected value to be of type number, but found null instead. @ blob:http://localhost:8082/51947a2f-322d-42d4-8f13-377c1de7567b:0
[ 2999959ms] [WARNING] Expected value to be of type number, but found null instead. @ blob:http://localhost:8082/beb7955f-4006-42aa-9d81-9b3c4b27ab65:0
[ 2999966ms] [WARNING] Expected value to be of type number, but found null instead. @ blob:http://localhost:8082/beb7955f-4006-42aa-9d81-9b3c4b27ab65:0
[ 2999972ms] [WARNING] Expected value to be of type number, but found null instead. @ blob:http://localhost:8082/beb7955f-4006-42aa-9d81-9b3c4b27ab65:0
[ 3036248ms] [ERROR] Failed to load resource: net::ERR_CONNECTION_REFUSED @ http://localhost:8082/assets/?unstable_path=.%2Fassets/image%202.png:0
[ 3036255ms] [ERROR] Failed to load resource: net::ERR_CONNECTION_REFUSED @ http://localhost:8082/assets/?unstable_path=.%2Fassets/IMG_0157%201.png:0
[ 3036255ms] [ERROR] Failed to load resource: net::ERR_CONNECTION_REFUSED @ http://localhost:8082/assets/?unstable_path=.%2Fassets/image%203.png:0
[ 3036255ms] [ERROR] Failed to load resource: net::ERR_CONNECTION_REFUSED @ http://localhost:8082/assets/?unstable_path=.%2Fassets/image%204.png:0
[ 3036255ms] [ERROR] Failed to load resource: net::ERR_CONNECTION_REFUSED @ http://localhost:8082/assets/?unstable_path=.%2Fassets/servease-logo.png:0
[ 3036261ms] [ERROR] Failed to load resource: net::ERR_CONNECTION_REFUSED @ http://localhost:8082/assets/?unstable_path=.%2Fassets/image%202.png:0
[ 3036261ms] [ERROR] Failed to load resource: net::ERR_CONNECTION_REFUSED @ http://localhost:8082/assets/?unstable_path=.%2Fassets/IMG_0157%201.png:0
[ 3036261ms] [ERROR] Failed to load resource: net::ERR_CONNECTION_REFUSED @ http://localhost:8082/assets/?unstable_path=.%2Fassets/image%203.png:0
[ 3036261ms] [ERROR] Failed to load resource: net::ERR_CONNECTION_REFUSED @ http://localhost:8082/assets/?unstable_path=.%2Fassets/image%204.png:0
[ 3036262ms] [ERROR] Failed to load resource: net::ERR_CONNECTION_REFUSED @ http://localhost:8082/assets/?unstable_path=.%2Fassets/servease-logo.png:0
[ 3040436ms] [VERBOSE] [DOM] Password field is not contained in a form: (More info: https://goo.gl/9p2vKq) %o @ http://localhost:8082/:0
[ 3044503ms] [ERROR] Failed to load resource: net::ERR_CONNECTION_REFUSED @ http://localhost:8082/node_modules/expo-notifications/build/index.bundle?platform=web&dev=true&hot=false&lazy=true&transform.engine=hermes&transform.routerRoot=app&unstable_transformProfile=hermes-stable&modulesOnly=true&runModule=false:0
[ 3045861ms] [ERROR] Failed to load resource: net::ERR_CONNECTION_REFUSED @ http://localhost:8082/node_modules/expo-notifications/build/index.bundle?platform=web&dev=true&hot=false&lazy=true&transform.engine=hermes&transform.routerRoot=app&unstable_transformProfile=hermes-stable&modulesOnly=true&runModule=false:0
[ 3067959ms] [WARNING] Expected value to be of type number, but found null instead. @ blob:http://localhost:8082/41e19544-72f6-41fa-bd41-ffd0f6ef8f61:0
[ 3067967ms] [WARNING] Expected value to be of type number, but found null instead. @ blob:http://localhost:8082/41e19544-72f6-41fa-bd41-ffd0f6ef8f61:0
[ 3067998ms] [WARNING] Image "swimming_pool" could not be loaded. Please make sure you have added the image with map.addImage() or a "sprite" property in your style. You can provide missing images by listening for the "styleimagemissing" map event. @ https://unpkg.com/maplibre-gl@5.24.0/dist/maplibre-gl.js:41
[ 3067998ms] [WARNING] Image "gate" could not be loaded. Please make sure you have added the image with map.addImage() or a "sprite" property in your style. You can provide missing images by listening for the "styleimagemissing" map event. @ https://unpkg.com/maplibre-gl@5.24.0/dist/maplibre-gl.js:41
[ 3067999ms] [WARNING] Image "sports_centre" could not be loaded. Please make sure you have added the image with map.addImage() or a "sprite" property in your style. You can provide missing images by listening for the "styleimagemissing" map event. @ https://unpkg.com/maplibre-gl@5.24.0/dist/maplibre-gl.js:41
[ 3067999ms] [WARNING] Image "office" could not be loaded. Please make sure you have added the image with map.addImage() or a "sprite" property in your style. You can provide missing images by listening for the "styleimagemissing" map event. @ https://unpkg.com/maplibre-gl@5.24.0/dist/maplibre-gl.js:41
[ 3067999ms] [WARNING] Image "multi" could not be loaded. Please make sure you have added the image with map.addImage() or a "sprite" property in your style. You can provide missing images by listening for the "styleimagemissing" map event. @ https://unpkg.com/maplibre-gl@5.24.0/dist/maplibre-gl.js:41
[ 3067999ms] [WARNING] Image "brownfield" could not be loaded. Please make sure you have added the image with map.addImage() or a "sprite" property in your style. You can provide missing images by listening for the "styleimagemissing" map event. @ https://unpkg.com/maplibre-gl@5.24.0/dist/maplibre-gl.js:41
[ 3067999ms] [WARNING] Image "lift_gate" could not be loaded. Please make sure you have added the image with map.addImage() or a "sprite" property in your style. You can provide missing images by listening for the "styleimagemissing" map event. @ https://unpkg.com/maplibre-gl@5.24.0/dist/maplibre-gl.js:41
[ 3067974ms] [WARNING] Expected value to be of type number, but found null instead. @ blob:http://localhost:8082/41e19544-72f6-41fa-bd41-ffd0f6ef8f61:0
[ 3068297ms] [ERROR] Failed to load resource: the server responded with a status of 503 (Service Unavailable) @ http://localhost:5001/v1/bookings/cea639ff-6307-4c82-a409-a692a56a4fe6/tracking/location:0
[ 3068478ms] [WARNING] Expected value to be of type number, but found null instead. @ blob:http://localhost:8082/d831e52a-4cd8-4eac-83af-65c7625379c0:0
[ 3068484ms] [WARNING] Expected value to be of type number, but found null instead. @ blob:http://localhost:8082/d831e52a-4cd8-4eac-83af-65c7625379c0:0
[ 3068490ms] [WARNING] Expected value to be of type number, but found null instead. @ blob:http://localhost:8082/d831e52a-4cd8-4eac-83af-65c7625379c0:0
[ 3068500ms] [WARNING] Image "swimming_pool" could not be loaded. Please make sure you have added the image with map.addImage() or a "sprite" property in your style. You can provide missing images by listening for the "styleimagemissing" map event. @ https://unpkg.com/maplibre-gl@5.24.0/dist/maplibre-gl.js:41
[ 3068501ms] [WARNING] Image "gate" could not be loaded. Please make sure you have added the image with map.addImage() or a "sprite" property in your style. You can provide missing images by listening for the "styleimagemissing" map event. @ https://unpkg.com/maplibre-gl@5.24.0/dist/maplibre-gl.js:41
[ 3068501ms] [WARNING] Image "sports_centre" could not be loaded. Please make sure you have added the image with map.addImage() or a "sprite" property in your style. You can provide missing images by listening for the "styleimagemissing" map event. @ https://unpkg.com/maplibre-gl@5.24.0/dist/maplibre-gl.js:41
[ 3068501ms] [WARNING] Image "office" could not be loaded. Please make sure you have added the image with map.addImage() or a "sprite" property in your style. You can provide missing images by listening for the "styleimagemissing" map event. @ https://unpkg.com/maplibre-gl@5.24.0/dist/maplibre-gl.js:41
[ 3068501ms] [WARNING] Image "multi" could not be loaded. Please make sure you have added the image with map.addImage() or a "sprite" property in your style. You can provide missing images by listening for the "styleimagemissing" map event. @ https://unpkg.com/maplibre-gl@5.24.0/dist/maplibre-gl.js:41
[ 3068502ms] [WARNING] Image "brownfield" could not be loaded. Please make sure you have added the image with map.addImage() or a "sprite" property in your style. You can provide missing images by listening for the "styleimagemissing" map event. @ https://unpkg.com/maplibre-gl@5.24.0/dist/maplibre-gl.js:41
[ 3068502ms] [WARNING] Image "lift_gate" could not be loaded. Please make sure you have added the image with map.addImage() or a "sprite" property in your style. You can provide missing images by listening for the "styleimagemissing" map event. @ https://unpkg.com/maplibre-gl@5.24.0/dist/maplibre-gl.js:41
[ 3068531ms] [WARNING] Image "toll_booth" could not be loaded. Please make sure you have added the image with map.addImage() or a "sprite" property in your style. You can provide missing images by listening for the "styleimagemissing" map event. @ https://unpkg.com/maplibre-gl@5.24.0/dist/maplibre-gl.js:41
[ 3070226ms] [WARNING] Expected value to be of type number, but found null instead. @ blob:http://localhost:8082/2754b65a-d8da-491d-bdc9-b3e5c0eff858:0
[ 3070233ms] [WARNING] Expected value to be of type number, but found null instead. @ blob:http://localhost:8082/2754b65a-d8da-491d-bdc9-b3e5c0eff858:0
[ 3070240ms] [WARNING] Expected value to be of type number, but found null instead. @ blob:http://localhost:8082/2754b65a-d8da-491d-bdc9-b3e5c0eff858:0
[ 3070253ms] [WARNING] Image "swimming_pool" could not be loaded. Please make sure you have added the image with map.addImage() or a "sprite" property in your style. You can provide missing images by listening for the "styleimagemissing" map event. @ https://unpkg.com/maplibre-gl@5.24.0/dist/maplibre-gl.js:41
[ 3070254ms] [WARNING] Image "gate" could not be loaded. Please make sure you have added the image with map.addImage() or a "sprite" property in your style. You can provide missing images by listening for the "styleimagemissing" map event. @ https://unpkg.com/maplibre-gl@5.24.0/dist/maplibre-gl.js:41
[ 3070254ms] [WARNING] Image "sports_centre" could not be loaded. Please make sure you have added the image with map.addImage() or a "sprite" property in your style. You can provide missing images by listening for the "styleimagemissing" map event. @ https://unpkg.com/maplibre-gl@5.24.0/dist/maplibre-gl.js:41
[ 3070254ms] [WARNING] Image "office" could not be loaded. Please make sure you have added the image with map.addImage() or a "sprite" property in your style. You can provide missing images by listening for the "styleimagemissing" map event. @ https://unpkg.com/maplibre-gl@5.24.0/dist/maplibre-gl.js:41
[ 3070254ms] [WARNING] Image "multi" could not be loaded. Please make sure you have added the image with map.addImage() or a "sprite" property in your style. You can provide missing images by listening for the "styleimagemissing" map event. @ https://unpkg.com/maplibre-gl@5.24.0/dist/maplibre-gl.js:41
[ 3070254ms] [WARNING] Image "brownfield" could not be loaded. Please make sure you have added the image with map.addImage() or a "sprite" property in your style. You can provide missing images by listening for the "styleimagemissing" map event. @ https://unpkg.com/maplibre-gl@5.24.0/dist/maplibre-gl.js:41
[ 3070254ms] [WARNING] Image "lift_gate" could not be loaded. Please make sure you have added the image with map.addImage() or a "sprite" property in your style. You can provide missing images by listening for the "styleimagemissing" map event. @ https://unpkg.com/maplibre-gl@5.24.0/dist/maplibre-gl.js:41
[ 3071212ms] [WARNING] Image "athletics" could not be loaded. Please make sure you have added the image with map.addImage() or a "sprite" property in your style. You can provide missing images by listening for the "styleimagemissing" map event. @ https://unpkg.com/maplibre-gl@5.24.0/dist/maplibre-gl.js:41
[ 3071213ms] [WARNING] Image "atm" could not be loaded. Please make sure you have added the image with map.addImage() or a "sprite" property in your style. You can provide missing images by listening for the "styleimagemissing" map event. @ https://unpkg.com/maplibre-gl@5.24.0/dist/maplibre-gl.js:41
[ 3071213ms] [WARNING] Image "motorcycle_parking" could not be loaded. Please make sure you have added the image with map.addImage() or a "sprite" property in your style. You can provide missing images by listening for the "styleimagemissing" map event. @ https://unpkg.com/maplibre-gl@5.24.0/dist/maplibre-gl.js:41
[ 3081914ms] TypeError: _LocationEventEmitter.LocationEventEmitter.removeSubscription is not a function
    at Subscriber.unregisterCallback (http://localhost:8082/index.ts.bundle?platform=web&dev=true&hot=false&lazy=true&transform.engine=hermes&transform.routerRoot=app&unstable_transformProfile=hermes-stable:42057:52)
    at Object.remove (http://localhost:8082/index.ts.bundle?platform=web&dev=true&hot=false&lazy=true&transform.engine=hermes&transform.routerRoot=app&unstable_transformProfile=hermes-stable:42590:49)
    at http://localhost:8082/index.ts.bundle?platform=web&dev=true&hot=false&lazy=true&transform.engine=hermes&transform.routerRoot=app&unstable_transformProfile=hermes-stable:192142:23
    at react-stack-bottom-frame (http://localhost:8082/index.ts.bundle?platform=web&dev=true&hot=false&lazy=true&transform.engine=hermes&transform.routerRoot=app&unstable_transformProfile=hermes-stable:17916:13)
    at runWithFiberInDEV (http://localhost:8082/index.ts.bundle?platform=web&dev=true&hot=false&lazy=true&transform.engine=hermes&transform.routerRoot=app&unstable_transformProfile=hermes-stable:5827:70)
    at commitHookEffectListUnmount (http://localhost:8082/index.ts.bundle?platform=web&dev=true&hot=false&lazy=true&transform.engine=hermes&transform.routerRoot=app&unstable_transformProfile=hermes-stable:10844:625)
    at commitHookPassiveUnmountEffects (http://localhost:8082/index.ts.bundle?platform=web&dev=true&hot=false&lazy=true&transform.engine=hermes&transform.routerRoot=app&unstable_transformProfile=hermes-stable:10857:58)
    at commitPassiveUnmountOnFiber (http://localhost:8082/index.ts.bundle?platform=web&dev=true&hot=false&lazy=true&transform.engine=hermes&transform.routerRoot=app&unstable_transformProfile=hermes-stable:11898:40)
    at recursivelyTraversePassiveUnmountEffects (http://localhost:8082/index.ts.bundle?platform=web&dev=true&hot=false&lazy=true&transform.engine=hermes&transform.routerRoot=app&unstable_transformProfile=hermes-stable:11890:106)
    at commitPassiveUnmountOnFiber (http://localhost:8082/index.ts.bundle?platform=web&dev=true&hot=false&lazy=true&transform.engine=hermes&transform.routerRoot=app&unstable_transformProfile=hermes-stable:11897:11)
[ 3081910ms] [WARNING] %s

%s
 An error occurred in the <App> component. Consider adding an error boundary to your tree to customize error handling behavior.
Visit https://react.dev/link/error-boundaries to learn more about error boundaries. @ http://localhost:8082/index.ts.bundle?platform=web&dev=true&hot=false&lazy=true&transform.engine=hermes&transform.routerRoot=app&unstable_transformProfile=hermes-stable:9508
[ 3104347ms] [INFO] %cDownload the React DevTools for a better development experience: https://react.dev/link/react-devtools font-weight:bold @ http://localhost:8081/index.ts.bundle?platform=web&dev=true&hot=false&lazy=true&transform.engine=hermes&transform.routerRoot=app&unstable_transformProfile=hermes-stable:18559
[ 3104580ms] [LOG] Running application "main" with appParams:
 {rootTag: #root, hydrate: undefined} 
Development-level warnings: ON.
Performance optimizations: OFF. @ http://localhost:8081/index.ts.bundle?platform=web&dev=true&hot=false&lazy=true&transform.engine=hermes&transform.routerRoot=app&unstable_transformProfile=hermes-stable:4278
[ 3107722ms] [VERBOSE] [DOM] Password field is not contained in a form: (More info: https://goo.gl/9p2vKq) %o @ http://localhost:8081/:0
[ 3110370ms] [WARNING] Animated: `useNativeDriver` is not supported because the native animated module is missing. Falling back to JS-based animation. To resolve this, add `RCTAnimation` module to this app, or remove `useNativeDriver`. Make sure to run `bundle exec pod install` first. Read more about autolinking: https://github.com/react-native-community/cli/blob/master/docs/autolinking.md @ http://localhost:8081/index.ts.bundle?platform=web&dev=true&hot=false&lazy=true&transform.engine=hermes&transform.routerRoot=app&unstable_transformProfile=hermes-stable:175747
[ 3111596ms] [WARNING] [expo-notifications] Listening to push token changes is not yet fully supported on web. Adding a listener will have no effect. @ :26718
[ 3147078ms] [WARNING] Expected value to be of type number, but found null instead. @ blob:http://localhost:8081/f2ad2091-eada-465e-8e26-44c37d304f77:0
[ 3147085ms] [WARNING] Expected value to be of type number, but found null instead. @ blob:http://localhost:8081/f2ad2091-eada-465e-8e26-44c37d304f77:0
[ 3147091ms] [WARNING] Expected value to be of type number, but found null instead. @ blob:http://localhost:8081/f2ad2091-eada-465e-8e26-44c37d304f77:0
[ 3147103ms] [WARNING] Image "office" could not be loaded. Please make sure you have added the image with map.addImage() or a "sprite" property in your style. You can provide missing images by listening for the "styleimagemissing" map event. @ https://unpkg.com/maplibre-gl@5.24.0/dist/maplibre-gl.js:41
[ 3147103ms] [WARNING] Image "atm" could not be loaded. Please make sure you have added the image with map.addImage() or a "sprite" property in your style. You can provide missing images by listening for the "styleimagemissing" map event. @ https://unpkg.com/maplibre-gl@5.24.0/dist/maplibre-gl.js:41
[ 3147103ms] [WARNING] Image "gate" could not be loaded. Please make sure you have added the image with map.addImage() or a "sprite" property in your style. You can provide missing images by listening for the "styleimagemissing" map event. @ https://unpkg.com/maplibre-gl@5.24.0/dist/maplibre-gl.js:41
[ 3147103ms] [WARNING] Image "recycling" could not be loaded. Please make sure you have added the image with map.addImage() or a "sprite" property in your style. You can provide missing images by listening for the "styleimagemissing" map event. @ https://unpkg.com/maplibre-gl@5.24.0/dist/maplibre-gl.js:41
[ 3147103ms] [WARNING] Image "swimming_pool" could not be loaded. Please make sure you have added the image with map.addImage() or a "sprite" property in your style. You can provide missing images by listening for the "styleimagemissing" map event. @ https://unpkg.com/maplibre-gl@5.24.0/dist/maplibre-gl.js:41
[ 3147103ms] [WARNING] Image "brownfield" could not be loaded. Please make sure you have added the image with map.addImage() or a "sprite" property in your style. You can provide missing images by listening for the "styleimagemissing" map event. @ https://unpkg.com/maplibre-gl@5.24.0/dist/maplibre-gl.js:41
[ 3147244ms] [WARNING] Image "sports_centre" could not be loaded. Please make sure you have added the image with map.addImage() or a "sprite" property in your style. You can provide missing images by listening for the "styleimagemissing" map event. @ https://unpkg.com/maplibre-gl@5.24.0/dist/maplibre-gl.js:41
[ 3148845ms] [WARNING] Expected value to be of type number, but found null instead. @ blob:http://localhost:8081/4d5614a3-2358-49a8-84e9-c73aa207889b:0
[ 3148846ms] [WARNING] Expected value to be of type number, but found null instead. @ blob:http://localhost:8081/4d5614a3-2358-49a8-84e9-c73aa207889b:0
[ 3148846ms] [WARNING] Expected value to be of type number, but found null instead. @ blob:http://localhost:8081/4d5614a3-2358-49a8-84e9-c73aa207889b:0
[ 3148852ms] [WARNING] Image "office" could not be loaded. Please make sure you have added the image with map.addImage() or a "sprite" property in your style. You can provide missing images by listening for the "styleimagemissing" map event. @ https://unpkg.com/maplibre-gl@5.24.0/dist/maplibre-gl.js:41
[ 3148852ms] [WARNING] Image "toll_booth" could not be loaded. Please make sure you have added the image with map.addImage() or a "sprite" property in your style. You can provide missing images by listening for the "styleimagemissing" map event. @ https://unpkg.com/maplibre-gl@5.24.0/dist/maplibre-gl.js:41
[ 3148852ms] [WARNING] Image "gate" could not be loaded. Please make sure you have added the image with map.addImage() or a "sprite" property in your style. You can provide missing images by listening for the "styleimagemissing" map event. @ https://unpkg.com/maplibre-gl@5.24.0/dist/maplibre-gl.js:41
[ 3148852ms] [WARNING] Image "lift_gate" could not be loaded. Please make sure you have added the image with map.addImage() or a "sprite" property in your style. You can provide missing images by listening for the "styleimagemissing" map event. @ https://unpkg.com/maplibre-gl@5.24.0/dist/maplibre-gl.js:41
[ 3148853ms] [WARNING] Image "brownfield" could not be loaded. Please make sure you have added the image with map.addImage() or a "sprite" property in your style. You can provide missing images by listening for the "styleimagemissing" map event. @ https://unpkg.com/maplibre-gl@5.24.0/dist/maplibre-gl.js:41
[ 3149009ms] [WARNING] Image "swimming_pool" could not be loaded. Please make sure you have added the image with map.addImage() or a "sprite" property in your style. You can provide missing images by listening for the "styleimagemissing" map event. @ https://unpkg.com/maplibre-gl@5.24.0/dist/maplibre-gl.js:41
[ 3149009ms] [WARNING] Image "sports_centre" could not be loaded. Please make sure you have added the image with map.addImage() or a "sprite" property in your style. You can provide missing images by listening for the "styleimagemissing" map event. @ https://unpkg.com/maplibre-gl@5.24.0/dist/maplibre-gl.js:41
[ 3149009ms] [WARNING] Image "multi" could not be loaded. Please make sure you have added the image with map.addImage() or a "sprite" property in your style. You can provide missing images by listening for the "styleimagemissing" map event. @ https://unpkg.com/maplibre-gl@5.24.0/dist/maplibre-gl.js:41
[ 3149530ms] [ERROR] Failed to load resource: the server responded with a status of 503 (Service Unavailable) @ http://localhost:5001/v1/bookings/cea639ff-6307-4c82-a409-a692a56a4fe6/tracking/location:0
[ 3149581ms] [WARNING] Image "office" could not be loaded. Please make sure you have added the image with map.addImage() or a "sprite" property in your style. You can provide missing images by listening for the "styleimagemissing" map event. @ https://unpkg.com/maplibre-gl@5.24.0/dist/maplibre-gl.js:41
[ 3149582ms] [WARNING] Image "toll_booth" could not be loaded. Please make sure you have added the image with map.addImage() or a "sprite" property in your style. You can provide missing images by listening for the "styleimagemissing" map event. @ https://unpkg.com/maplibre-gl@5.24.0/dist/maplibre-gl.js:41
[ 3149583ms] [WARNING] Image "gate" could not be loaded. Please make sure you have added the image with map.addImage() or a "sprite" property in your style. You can provide missing images by listening for the "styleimagemissing" map event. @ https://unpkg.com/maplibre-gl@5.24.0/dist/maplibre-gl.js:41
[ 3149583ms] [WARNING] Image "lift_gate" could not be loaded. Please make sure you have added the image with map.addImage() or a "sprite" property in your style. You can provide missing images by listening for the "styleimagemissing" map event. @ https://unpkg.com/maplibre-gl@5.24.0/dist/maplibre-gl.js:41
[ 3149583ms] [WARNING] Image "brownfield" could not be loaded. Please make sure you have added the image with map.addImage() or a "sprite" property in your style. You can provide missing images by listening for the "styleimagemissing" map event. @ https://unpkg.com/maplibre-gl@5.24.0/dist/maplibre-gl.js:41
[ 3149569ms] [WARNING] Expected value to be of type number, but found null instead. @ blob:http://localhost:8081/6fc06241-6c09-4c38-ba80-d7fca6ab0a04:0
[ 3149570ms] [WARNING] Expected value to be of type number, but found null instead. @ blob:http://localhost:8081/6fc06241-6c09-4c38-ba80-d7fca6ab0a04:0
[ 3149571ms] [WARNING] Expected value to be of type number, but found null instead. @ blob:http://localhost:8081/6fc06241-6c09-4c38-ba80-d7fca6ab0a04:0
[ 3150058ms] [WARNING] Expected value to be of type number, but found null instead. @ blob:http://localhost:8081/788411c4-413d-4409-ae31-e06543743f60:0
[ 3150064ms] [WARNING] Expected value to be of type number, but found null instead. @ blob:http://localhost:8081/788411c4-413d-4409-ae31-e06543743f60:0
[ 3150070ms] [WARNING] Expected value to be of type number, but found null instead. @ blob:http://localhost:8081/788411c4-413d-4409-ae31-e06543743f60:0
[ 3150083ms] [WARNING] Image "swimming_pool" could not be loaded. Please make sure you have added the image with map.addImage() or a "sprite" property in your style. You can provide missing images by listening for the "styleimagemissing" map event. @ https://unpkg.com/maplibre-gl@5.24.0/dist/maplibre-gl.js:41
[ 3150083ms] [WARNING] Image "gate" could not be loaded. Please make sure you have added the image with map.addImage() or a "sprite" property in your style. You can provide missing images by listening for the "styleimagemissing" map event. @ https://unpkg.com/maplibre-gl@5.24.0/dist/maplibre-gl.js:41
[ 3150083ms] [WARNING] Image "sports_centre" could not be loaded. Please make sure you have added the image with map.addImage() or a "sprite" property in your style. You can provide missing images by listening for the "styleimagemissing" map event. @ https://unpkg.com/maplibre-gl@5.24.0/dist/maplibre-gl.js:41
[ 3150083ms] [WARNING] Image "office" could not be loaded. Please make sure you have added the image with map.addImage() or a "sprite" property in your style. You can provide missing images by listening for the "styleimagemissing" map event. @ https://unpkg.com/maplibre-gl@5.24.0/dist/maplibre-gl.js:41
[ 3150084ms] [WARNING] Image "multi" could not be loaded. Please make sure you have added the image with map.addImage() or a "sprite" property in your style. You can provide missing images by listening for the "styleimagemissing" map event. @ https://unpkg.com/maplibre-gl@5.24.0/dist/maplibre-gl.js:41
[ 3150084ms] [WARNING] Image "brownfield" could not be loaded. Please make sure you have added the image with map.addImage() or a "sprite" property in your style. You can provide missing images by listening for the "styleimagemissing" map event. @ https://unpkg.com/maplibre-gl@5.24.0/dist/maplibre-gl.js:41
[ 3150084ms] [WARNING] Image "lift_gate" could not be loaded. Please make sure you have added the image with map.addImage() or a "sprite" property in your style. You can provide missing images by listening for the "styleimagemissing" map event. @ https://unpkg.com/maplibre-gl@5.24.0/dist/maplibre-gl.js:41
[ 3150307ms] [WARNING] Image "athletics" could not be loaded. Please make sure you have added the image with map.addImage() or a "sprite" property in your style. You can provide missing images by listening for the "styleimagemissing" map event. @ https://unpkg.com/maplibre-gl@5.24.0/dist/maplibre-gl.js:41
[ 3150307ms] [WARNING] Image "atm" could not be loaded. Please make sure you have added the image with map.addImage() or a "sprite" property in your style. You can provide missing images by listening for the "styleimagemissing" map event. @ https://unpkg.com/maplibre-gl@5.24.0/dist/maplibre-gl.js:41
[ 3150308ms] [WARNING] Image "motorcycle_parking" could not be loaded. Please make sure you have added the image with map.addImage() or a "sprite" property in your style. You can provide missing images by listening for the "styleimagemissing" map event. @ https://unpkg.com/maplibre-gl@5.24.0/dist/maplibre-gl.js:41
[ 3159008ms] TypeError: _LocationEventEmitter.LocationEventEmitter.removeSubscription is not a function
    at Subscriber.unregisterCallback (http://localhost:8081/index.ts.bundle?platform=web&dev=true&hot=false&lazy=true&transform.engine=hermes&transform.routerRoot=app&unstable_transformProfile=hermes-stable:42057:52)
    at Object.remove (http://localhost:8081/index.ts.bundle?platform=web&dev=true&hot=false&lazy=true&transform.engine=hermes&transform.routerRoot=app&unstable_transformProfile=hermes-stable:42590:49)
    at http://localhost:8081/index.ts.bundle?platform=web&dev=true&hot=false&lazy=true&transform.engine=hermes&transform.routerRoot=app&unstable_transformProfile=hermes-stable:191782:23
    at react-stack-bottom-frame (http://localhost:8081/index.ts.bundle?platform=web&dev=true&hot=false&lazy=true&transform.engine=hermes&transform.routerRoot=app&unstable_transformProfile=hermes-stable:17916:13)
    at runWithFiberInDEV (http://localhost:8081/index.ts.bundle?platform=web&dev=true&hot=false&lazy=true&transform.engine=hermes&transform.routerRoot=app&unstable_transformProfile=hermes-stable:5827:70)
    at commitHookEffectListUnmount (http://localhost:8081/index.ts.bundle?platform=web&dev=true&hot=false&lazy=true&transform.engine=hermes&transform.routerRoot=app&unstable_transformProfile=hermes-stable:10844:625)
    at commitHookPassiveUnmountEffects (http://localhost:8081/index.ts.bundle?platform=web&dev=true&hot=false&lazy=true&transform.engine=hermes&transform.routerRoot=app&unstable_transformProfile=hermes-stable:10857:58)
    at commitPassiveUnmountOnFiber (http://localhost:8081/index.ts.bundle?platform=web&dev=true&hot=false&lazy=true&transform.engine=hermes&transform.routerRoot=app&unstable_transformProfile=hermes-stable:11898:40)
    at recursivelyTraversePassiveUnmountEffects (http://localhost:8081/index.ts.bundle?platform=web&dev=true&hot=false&lazy=true&transform.engine=hermes&transform.routerRoot=app&unstable_transformProfile=hermes-stable:11890:106)
    at commitPassiveUnmountOnFiber (http://localhost:8081/index.ts.bundle?platform=web&dev=true&hot=false&lazy=true&transform.engine=hermes&transform.routerRoot=app&unstable_transformProfile=hermes-stable:11897:11)
[ 3159008ms] [WARNING] %s

%s
 An error occurred in the <App> component. Consider adding an error boundary to your tree to customize error handling behavior.
Visit https://react.dev/link/error-boundaries to learn more about error boundaries. @ http://localhost:8081/index.ts.bundle?platform=web&dev=true&hot=false&lazy=true&transform.engine=hermes&transform.routerRoot=app&unstable_transformProfile=hermes-stable:9508
