[  148125ms] [INFO] %cDownload the React DevTools for a better development experience: https://react.dev/link/react-devtools font-weight:bold @ http://localhost:8081/index.ts.bundle?platform=web&dev=true&hot=false&lazy=true&transform.engine=hermes&transform.routerRoot=app&unstable_transformProfile=hermes-stable:155441
[  148351ms] [LOG] Running application "main" with appParams:
 {rootTag: #root, hydrate: undefined} 
Development-level warnings: ON.
Performance optimizations: OFF. @ http://localhost:8081/index.ts.bundle?platform=web&dev=true&hot=false&lazy=true&transform.engine=hermes&transform.routerRoot=app&unstable_transformProfile=hermes-stable:141160
[  148626ms] [ERROR] Access to fetch at 'https://tamera-prepyloric-superacutely.ngrok-free.dev/v1/catalog/categories' from origin 'http://localhost:8081' has been blocked by CORS policy: No 'Access-Control-Allow-Origin' header is present on the requested resource. @ http://localhost:8081/:0
[  148628ms] [ERROR] Failed to load resource: net::ERR_FAILED @ https://tamera-prepyloric-superacutely.ngrok-free.dev/v1/catalog/categories:0
[  152137ms] [VERBOSE] [DOM] Password field is not contained in a form: (More info: https://goo.gl/9p2vKq) %o @ http://localhost:8081/:0
[  154744ms] [VERBOSE] [DOM] Password field is not contained in a form: (More info: https://goo.gl/9p2vKq) %o @ http://localhost:8081/:0
[  170258ms] [VERBOSE] [DOM] Password field is not contained in a form: (More info: https://goo.gl/9p2vKq) %o @ http://localhost:8081/:0
[  182567ms] [VERBOSE] [DOM] Password field is not contained in a form: (More info: https://goo.gl/9p2vKq) %o @ http://localhost:8081/:0
[  193041ms] [WARNING] Disconnected from Metro (1006)
To reconnect:
- Ensure that Metro is running and available on the same network
- Reload this app (will trigger further help if Metro cannot be connected to) @ http://localhost:8081/index.ts.bundle?platform=web&dev=true&hot=false&lazy=true&transform.engine=hermes&transform.routerRoot=app&unstable_transformProfile=hermes-stable:140562
[  279715ms] [INFO] %cDownload the React DevTools for a better development experience: https://react.dev/link/react-devtools font-weight:bold @ http://localhost:8081/index.ts.bundle?platform=web&dev=true&hot=false&lazy=true&transform.engine=hermes&transform.routerRoot=app&unstable_transformProfile=hermes-stable:18559
[  279929ms] [LOG] Running application "main" with appParams:
 {rootTag: #root, hydrate: undefined} 
Development-level warnings: ON.
Performance optimizations: OFF. @ http://localhost:8081/index.ts.bundle?platform=web&dev=true&hot=false&lazy=true&transform.engine=hermes&transform.routerRoot=app&unstable_transformProfile=hermes-stable:4278
[  280060ms] [ERROR] Access to fetch at 'https://tamera-prepyloric-superacutely.ngrok-free.dev/v1/catalog/categories' from origin 'http://localhost:8081' has been blocked by CORS policy: No 'Access-Control-Allow-Origin' header is present on the requested resource. @ http://localhost:8081/:0
[  280060ms] [ERROR] Failed to load resource: net::ERR_FAILED @ https://tamera-prepyloric-superacutely.ngrok-free.dev/v1/catalog/categories:0
[ 1336444ms] [ERROR] Access to fetch at 'https://tamera-prepyloric-superacutely.ngrok-free.dev/v1/catalog/categories' from origin 'http://localhost:8081' has been blocked by CORS policy: No 'Access-Control-Allow-Origin' header is present on the requested resource. @ http://localhost:8081/:0
[ 1336444ms] [ERROR] Failed to load resource: net::ERR_FAILED @ https://tamera-prepyloric-superacutely.ngrok-free.dev/v1/catalog/categories:0
[ 1352630ms] [ERROR] Access to fetch at 'https://tamera-prepyloric-superacutely.ngrok-free.dev/v1/catalog/categories' from origin 'http://localhost:8081' has been blocked by CORS policy: No 'Access-Control-Allow-Origin' header is present on the requested resource. @ http://localhost:8081/:0
[ 1352630ms] [ERROR] Failed to load resource: net::ERR_FAILED @ https://tamera-prepyloric-superacutely.ngrok-free.dev/v1/catalog/categories:0
[ 1360117ms] [ERROR] Access to fetch at 'https://tamera-prepyloric-superacutely.ngrok-free.dev/v1/catalog/categories' from origin 'http://localhost:8081' has been blocked by CORS policy: No 'Access-Control-Allow-Origin' header is present on the requested resource. @ http://localhost:8081/:0
[ 1360117ms] [ERROR] Failed to load resource: net::ERR_FAILED @ https://tamera-prepyloric-superacutely.ngrok-free.dev/v1/catalog/categories:0
[ 1394697ms] [ERROR] Access to fetch at 'https://tamera-prepyloric-superacutely.ngrok-free.dev/v1/catalog/categories' from origin 'http://localhost:8081' has been blocked by CORS policy: No 'Access-Control-Allow-Origin' header is present on the requested resource. @ http://localhost:8081/:0
[ 1394697ms] [ERROR] Failed to load resource: net::ERR_FAILED @ https://tamera-prepyloric-superacutely.ngrok-free.dev/v1/catalog/categories:0
[ 1400437ms] [ERROR] Access to fetch at 'https://tamera-prepyloric-superacutely.ngrok-free.dev/v1/catalog/categories' from origin 'http://localhost:8081' has been blocked by CORS policy: No 'Access-Control-Allow-Origin' header is present on the requested resource. @ http://localhost:8081/:0
[ 1400437ms] [ERROR] Failed to load resource: net::ERR_FAILED @ https://tamera-prepyloric-superacutely.ngrok-free.dev/v1/catalog/categories:0
[ 1411924ms] [ERROR] Access to fetch at 'https://tamera-prepyloric-superacutely.ngrok-free.dev/v1/catalog/categories' from origin 'http://localhost:8081' has been blocked by CORS policy: No 'Access-Control-Allow-Origin' header is present on the requested resource. @ http://localhost:8081/:0
[ 1411924ms] [ERROR] Failed to load resource: net::ERR_FAILED @ https://tamera-prepyloric-superacutely.ngrok-free.dev/v1/catalog/categories:0
[ 1421973ms] [ERROR] Access to fetch at 'https://tamera-prepyloric-superacutely.ngrok-free.dev/v1/catalog/categories' from origin 'http://localhost:8081' has been blocked by CORS policy: No 'Access-Control-Allow-Origin' header is present on the requested resource. @ http://localhost:8081/:0
[ 1421973ms] [ERROR] Failed to load resource: net::ERR_FAILED @ https://tamera-prepyloric-superacutely.ngrok-free.dev/v1/catalog/categories:0
[ 1438306ms] [ERROR] Access to fetch at 'https://tamera-prepyloric-superacutely.ngrok-free.dev/v1/catalog/categories' from origin 'http://localhost:8081' has been blocked by CORS policy: No 'Access-Control-Allow-Origin' header is present on the requested resource. @ http://localhost:8081/:0
[ 1438306ms] [ERROR] Failed to load resource: net::ERR_FAILED @ https://tamera-prepyloric-superacutely.ngrok-free.dev/v1/catalog/categories:0
